Mar 19 10:18:15 monitor227 kernel: [4743590.497689] type=1400 audit(1395195495.875:75): apparmor="DENIED" operation="open" parent=20686 profile="/usr/sbin/mysqld" name="/etc/my.cnf" pid=20743 comm="mysqld" requested_mask="r" denied_mask="r" fsuid=0 ouid=0
Mar 19 10:19:16 monitor227 kernel: [4743651.131684] type=1400 audit(1395195556.643:76): apparmor="DENIED" operation="open" parent=20686 profile="/usr/sbin/mysqld" name="/etc/my.cnf" pid=20988 comm="mysqld" requested_mask="r" denied_mask="r" fsuid=0 ouid=0
Mar 19 10:21:21 monitor227 kernel: [4743775.750453] type=1400 audit(1395195681.543:77): apparmor="DENIED" operation="open" parent=20686 profile="/usr/sbin/mysqld" name="/etc/my.cnf" pid=21115 comm="mysqld" requested_mask="r" denied_mask="r" fsuid=0 ouid=0
Mar 19 10:22:53 monitor227 kernel: [4743867.034750] type=1400 audit(1395195773.035:78): apparmor="DENIED" operation="open" parent=20686 profile="/usr/sbin/mysqld" name="/etc/my.cnf" pid=21142 comm="mysqld" requested_mask="r" denied_mask="r" fsuid=0 ouid=0
Mar 19 10:26:18 monitor227 kernel: [4744071.620271] type=1400 audit(1395195978.079:79): apparmor="DENIED" operation="open" parent=20686 profile="/usr/sbin/mysqld" name="/etc/my.cnf" pid=21485 comm="mysqld" requested_mask="r" denied_mask="r" fsuid=0 ouid=0
Mar 19 10:28:38 monitor227 kernel: [4744211.957840] type=1400 audit(1395196118.735:80): apparmor="DENIED" operation="open" parent=20686 profile="/usr/sbin/mysqld" name="/etc/my.cnf" pid=21564 comm="mysqld" requested_mask="r" denied_mask="r" fsuid=0 ouid=0
Mar 19 10:30:50 monitor227 kernel: [4744343.304246] type=1400 audit(1395196250.379:81): apparmor="DENIED" operation="open" parent=20686 profile="/usr/sbin/mysqld" name="/etc/my.cnf" pid=21726 comm="mysqld" requested_mask="r" denied_mask="r" fsuid=0 ouid=0
Mar 19 10:31:29 monitor227 kernel: Kernel logging (proc) stopped.
Mar 19 10:53:06 monitor227 kernel: imklog 5.8.6, log source = /proc/kmsg started.
Mar 19 10:53:06 monitor227 kernel: [    0.000000] Initializing cgroup subsys cpuset
Mar 19 10:53:06 monitor227 kernel: [    0.000000] Initializing cgroup subsys cpu
Mar 19 10:53:06 monitor227 kernel: [    0.000000] Linux version 3.8.0-29-generic (buildd@panlong) (gcc version 4.6.3 (Ubuntu/Linaro 4.6.3-1ubuntu5) ) #42~precise1-Ubuntu SMP Wed Aug 14 16:19:23 UTC 2013 (Ubuntu 3.8.0-29.42~precise1-generic 3.8.13.5)
Mar 19 10:53:06 monitor227 kernel: [    0.000000] Command line: BOOT_IMAGE=/vmlinuz-3.8.0-29-generic root=/dev/mapper/monitor227--vg-root ro
Mar 19 10:53:06 monitor227 kernel: [    0.000000] KERNEL supported cpus:
Mar 19 10:53:06 monitor227 kernel: [    0.000000]   Intel GenuineIntel
Mar 19 10:53:06 monitor227 kernel: [    0.000000]   AMD AuthenticAMD
Mar 19 10:53:06 monitor227 kernel: [    0.000000]   Centaur CentaurHauls
Mar 19 10:53:06 monitor227 kernel: [    0.000000] e820: BIOS-provided physical RAM map:
Mar 19 10:53:06 monitor227 kernel: [    0.000000] BIOS-e820: [mem 0x0000000000000000-0x000000000009fbff] usable
Mar 19 10:53:06 monitor227 kernel: [    0.000000] BIOS-e820: [mem 0x000000000009fc00-0x000000000009ffff] reserved
Mar 19 10:53:06 monitor227 kernel: [    0.000000] BIOS-e820: [mem 0x00000000000e4000-0x00000000000fffff] reserved
Mar 19 10:53:06 monitor227 kernel: [    0.000000] BIOS-e820: [mem 0x0000000000100000-0x00000000dcf5ffff] usable
Mar 19 10:53:06 monitor227 kernel: [    0.000000] BIOS-e820: [mem 0x00000000dcf60000-0x00000000dcf77fff] ACPI data
Mar 19 10:53:06 monitor227 kernel: [    0.000000] BIOS-e820: [mem 0x00000000dcf78000-0x00000000dcfdbfff] ACPI NVS
Mar 19 10:53:06 monitor227 kernel: [    0.000000] BIOS-e820: [mem 0x00000000dcfdc000-0x00000000dd7fffff] reserved
Mar 19 10:53:06 monitor227 kernel: [    0.000000] BIOS-e820: [mem 0x00000000dde00000-0x00000000dfffffff] reserved
Mar 19 10:53:06 monitor227 kernel: [    0.000000] BIOS-e820: [mem 0x00000000fee00000-0x00000000fee00fff] reserved
Mar 19 10:53:06 monitor227 kernel: [    0.000000] BIOS-e820: [mem 0x00000000ff800000-0x00000000ffffffff] reserved
Mar 19 10:53:06 monitor227 kernel: [    0.000000] BIOS-e820: [mem 0x0000000100000000-0x0000000117ffffff] usable
Mar 19 10:53:06 monitor227 kernel: [    0.000000] NX (Execute Disable) protection: active
Mar 19 10:53:06 monitor227 kernel: [    0.000000] SMBIOS 2.6 present.
Mar 19 10:53:06 monitor227 kernel: [    0.000000] DMI: System manufacturer System Product Name/P7H55-M, BIOS 1002    08/09/2010
Mar 19 10:53:06 monitor227 kernel: [    0.000000] e820: update [mem 0x00000000-0x0000ffff] usable ==> reserved
Mar 19 10:53:06 monitor227 kernel: [    0.000000] e820: remove [mem 0x000a0000-0x000fffff] usable
Mar 19 10:53:06 monitor227 kernel: [    0.000000] No AGP bridge found
Mar 19 10:53:06 monitor227 kernel: [    0.000000] e820: last_pfn = 0x118000 max_arch_pfn = 0x400000000
Mar 19 10:53:06 monitor227 kernel: [    0.000000] MTRR default type: uncachable
Mar 19 10:53:06 monitor227 kernel: [    0.000000] MTRR fixed ranges enabled:
Mar 19 10:53:06 monitor227 kernel: [    0.000000]   00000-9FFFF write-back
Mar 19 10:53:06 monitor227 kernel: [    0.000000]   A0000-BFFFF uncachable
Mar 19 10:53:06 monitor227 kernel: [    0.000000]   C0000-CFFFF write-protect
Mar 19 10:53:06 monitor227 kernel: [    0.000000]   D0000-DFFFF uncachable
Mar 19 10:53:06 monitor227 kernel: [    0.000000]   E0000-E7FFF write-through
Mar 19 10:53:06 monitor227 kernel: [    0.000000]   E8000-FFFFF write-protect
Mar 19 10:53:06 monitor227 kernel: [    0.000000] MTRR variable ranges enabled:
Mar 19 10:53:06 monitor227 kernel: [    0.000000]   0 base 11C000000 mask FFC000000 uncachable
Mar 19 10:53:06 monitor227 kernel: [    0.000000]   1 base 000000000 mask F00000000 write-back
Mar 19 10:53:06 monitor227 kernel: [    0.000000]   2 base 100000000 mask FE0000000 write-back
Mar 19 10:53:06 monitor227 kernel: [    0.000000]   3 base 0E0000000 mask FE0000000 uncachable
Mar 19 10:53:06 monitor227 kernel: [    0.000000]   4 base 0DD800000 mask FFF800000 uncachable
Mar 19 10:53:06 monitor227 kernel: [    0.000000]   5 base 0DE000000 mask FFE000000 uncachable
Mar 19 10:53:06 monitor227 kernel: [    0.000000]   6 disabled
Mar 19 10:53:06 monitor227 kernel: [    0.000000]   7 disabled
Mar 19 10:53:06 monitor227 kernel: [    0.000000] x86 PAT enabled: cpu 0, old 0x7040600070406, new 0x7010600070106
Mar 19 10:53:06 monitor227 kernel: [    0.000000] original variable MTRRs
Mar 19 10:53:06 monitor227 kernel: [    0.000000] reg 0, base: 4544MB, range: 64MB, type UC
Mar 19 10:53:06 monitor227 kernel: [    0.000000] reg 1, base: 0GB, range: 4GB, type WB
Mar 19 10:53:06 monitor227 kernel: [    0.000000] reg 2, base: 4GB, range: 512MB, type WB
Mar 19 10:53:06 monitor227 kernel: [    0.000000] reg 3, base: 3584MB, range: 512MB, type UC
Mar 19 10:53:06 monitor227 kernel: [    0.000000] reg 4, base: 3544MB, range: 8MB, type UC
Mar 19 10:53:06 monitor227 kernel: [    0.000000] reg 5, base: 3552MB, range: 32MB, type UC
Mar 19 10:53:06 monitor227 kernel: [    0.000000] total RAM covered: 3992M
Mar 19 10:53:06 monitor227 kernel: [    0.000000] Found optimal setting for mtrr clean up
Mar 19 10:53:06 monitor227 kernel: [    0.000000]  gran_size: 64K 	chunk_size: 128M 	num_reg: 7  	lose cover RAM: 0G
Mar 19 10:53:06 monitor227 kernel: [    0.000000] New variable MTRRs
Mar 19 10:53:06 monitor227 kernel: [    0.000000] reg 0, base: 0GB, range: 2GB, type WB
Mar 19 10:53:06 monitor227 kernel: [    0.000000] reg 1, base: 2GB, range: 1GB, type WB
Mar 19 10:53:06 monitor227 kernel: [    0.000000] reg 2, base: 3GB, range: 512MB, type WB
Mar 19 10:53:06 monitor227 kernel: [    0.000000] reg 3, base: 3544MB, range: 8MB, type UC
Mar 19 10:53:06 monitor227 kernel: [    0.000000] reg 4, base: 3552MB, range: 32MB, type UC
Mar 19 10:53:06 monitor227 kernel: [    0.000000] reg 5, base: 4GB, range: 512MB, type WB
Mar 19 10:53:06 monitor227 kernel: [    0.000000] reg 6, base: 4544MB, range: 64MB, type UC
Mar 19 10:53:06 monitor227 kernel: [    0.000000] e820: update [mem 0xdd800000-0xffffffff] usable ==> reserved
Mar 19 10:53:06 monitor227 kernel: [    0.000000] e820: last_pfn = 0xdcf60 max_arch_pfn = 0x400000000
Mar 19 10:53:06 monitor227 kernel: [    0.000000] found SMP MP-table at [mem 0x000ff780-0x000ff78f] mapped at [ffff8800000ff780]
Mar 19 10:53:06 monitor227 kernel: [    0.000000] initial memory mapped: [mem 0x00000000-0x1fffffff]
Mar 19 10:53:06 monitor227 kernel: [    0.000000] Base memory trampoline at [ffff880000099000] 99000 size 24576
Mar 19 10:53:06 monitor227 kernel: [    0.000000] init_memory_mapping: [mem 0x00000000-0xdcf5ffff]
Mar 19 10:53:06 monitor227 kernel: [    0.000000]  [mem 0x00000000-0xdcdfffff] page 2M
Mar 19 10:53:06 monitor227 kernel: [    0.000000]  [mem 0xdce00000-0xdcf5ffff] page 4k
Mar 19 10:53:06 monitor227 kernel: [    0.000000] kernel direct mapping tables up to 0xdcf5ffff @ [mem 0x1fffa000-0x1fffffff]
Mar 19 10:53:06 monitor227 kernel: [    0.000000] init_memory_mapping: [mem 0x100000000-0x117ffffff]
Mar 19 10:53:06 monitor227 kernel: [    0.000000]  [mem 0x100000000-0x117ffffff] page 2M
Mar 19 10:53:06 monitor227 kernel: [    0.000000] kernel direct mapping tables up to 0x117ffffff @ [mem 0xdcf5e000-0xdcf5ffff]
Mar 19 10:53:06 monitor227 kernel: [    0.000000] RAMDISK: [mem 0x3604e000-0x3701efff]
Mar 19 10:53:06 monitor227 kernel: [    0.000000] ACPI: RSDP 00000000000faaf0 00024 (v02 ACPIAM)
Mar 19 10:53:06 monitor227 kernel: [    0.000000] ACPI: XSDT 00000000dcf60100 00064 (v01 080910 XSDT0919 20100809 MSFT 00000097)
Mar 19 10:53:06 monitor227 kernel: [    0.000000] ACPI: FACP 00000000dcf60290 000F4 (v03 080910 FACP0919 20100809 MSFT 00000097)
Mar 19 10:53:06 monitor227 kernel: [    0.000000] ACPI: DSDT 00000000dcf604a0 0AEE0 (v01  A1577 A1577001 00000001 INTL 20060113)
Mar 19 10:53:06 monitor227 kernel: [    0.000000] ACPI: FACS 00000000dcf78000 00040
Mar 19 10:53:06 monitor227 kernel: [    0.000000] ACPI: APIC 00000000dcf60390 000CC (v01 080910 APIC0919 20100809 MSFT 00000097)
Mar 19 10:53:06 monitor227 kernel: [    0.000000] ACPI: MCFG 00000000dcf60460 0003C (v01 080910 OEMMCFG  20100809 MSFT 00000097)
Mar 19 10:53:06 monitor227 kernel: [    0.000000] ACPI: OEMB 00000000dcf78040 00073 (v01 080910 OEMB0919 20100809 MSFT 00000097)
Mar 19 10:53:06 monitor227 kernel: [    0.000000] ACPI: HPET 00000000dcf6b380 00038 (v01 080910 OEMHPET  20100809 MSFT 00000097)
Mar 19 10:53:06 monitor227 kernel: [    0.000000] ACPI: GSCI 00000000dcf780c0 02024 (v01 080910 GMCHSCI  20100809 MSFT 00000097)
Mar 19 10:53:06 monitor227 kernel: [    0.000000] ACPI: OSFR 00000000dcf6b3c0 000B0 (v01 080910 OEMOSFR  20100809 MSFT 00000097)
Mar 19 10:53:06 monitor227 kernel: [    0.000000] ACPI: SSDT 00000000dcf7b910 00363 (v01 DpgPmm    CpuPm 00000012 INTL 20060113)
Mar 19 10:53:06 monitor227 kernel: [    0.000000] ACPI: Local APIC address 0xfee00000
Mar 19 10:53:06 monitor227 kernel: [    0.000000] No NUMA configuration found
Mar 19 10:53:06 monitor227 kernel: [    0.000000] Faking a node at [mem 0x0000000000000000-0x0000000117ffffff]
Mar 19 10:53:06 monitor227 kernel: [    0.000000] Initmem setup node 0 [mem 0x00000000-0x117ffffff]
Mar 19 10:53:06 monitor227 kernel: [    0.000000]   NODE_DATA [mem 0x117ffb000-0x117ffffff]
Mar 19 10:53:06 monitor227 kernel: [    0.000000]  [ffffea0000000000-ffffea00045fffff] PMD -> [ffff880113800000-ffff8801175fffff] on node 0
Mar 19 10:53:06 monitor227 kernel: [    0.000000] Zone ranges:
Mar 19 10:53:06 monitor227 kernel: [    0.000000]   DMA      [mem 0x00010000-0x00ffffff]
Mar 19 10:53:06 monitor227 kernel: [    0.000000]   DMA32    [mem 0x01000000-0xffffffff]
Mar 19 10:53:06 monitor227 kernel: [    0.000000]   Normal   [mem 0x100000000-0x117ffffff]
Mar 19 10:53:06 monitor227 kernel: [    0.000000] Movable zone start for each node
Mar 19 10:53:06 monitor227 kernel: [    0.000000] Early memory node ranges
Mar 19 10:53:06 monitor227 kernel: [    0.000000]   node   0: [mem 0x00010000-0x0009efff]
Mar 19 10:53:06 monitor227 kernel: [    0.000000]   node   0: [mem 0x00100000-0xdcf5ffff]
Mar 19 10:53:06 monitor227 kernel: [    0.000000]   node   0: [mem 0x100000000-0x117ffffff]
Mar 19 10:53:06 monitor227 kernel: [    0.000000] On node 0 totalpages: 1003247
Mar 19 10:53:06 monitor227 kernel: [    0.000000]   DMA zone: 64 pages used for memmap
Mar 19 10:53:06 monitor227 kernel: [    0.000000]   DMA zone: 6 pages reserved
Mar 19 10:53:06 monitor227 kernel: [    0.000000]   DMA zone: 3913 pages, LIFO batch:0
Mar 19 10:53:06 monitor227 kernel: [    0.000000]   DMA32 zone: 14078 pages used for memmap
Mar 19 10:53:06 monitor227 kernel: [    0.000000]   DMA32 zone: 886882 pages, LIFO batch:31
Mar 19 10:53:06 monitor227 kernel: [    0.000000]   Normal zone: 1536 pages used for memmap
Mar 19 10:53:06 monitor227 kernel: [    0.000000]   Normal zone: 96768 pages, LIFO batch:31
Mar 19 10:53:06 monitor227 kernel: [    0.000000] ACPI: PM-Timer IO Port: 0x808
Mar 19 10:53:06 monitor227 kernel: [    0.000000] ACPI: Local APIC address 0xfee00000
Mar 19 10:53:06 monitor227 kernel: [    0.000000] ACPI: LAPIC (acpi_id[0x01] lapic_id[0x00] enabled)
Mar 19 10:53:06 monitor227 kernel: [    0.000000] ACPI: LAPIC (acpi_id[0x02] lapic_id[0x04] enabled)
Mar 19 10:53:06 monitor227 kernel: [    0.000000] ACPI: LAPIC (acpi_id[0x03] lapic_id[0x01] enabled)
Mar 19 10:53:06 monitor227 kernel: [    0.000000] ACPI: LAPIC (acpi_id[0x04] lapic_id[0x05] enabled)
Mar 19 10:53:06 monitor227 kernel: [    0.000000] ACPI: LAPIC (acpi_id[0x05] lapic_id[0x84] disabled)
Mar 19 10:53:06 monitor227 kernel: [    0.000000] ACPI: LAPIC (acpi_id[0x06] lapic_id[0x85] disabled)
Mar 19 10:53:06 monitor227 kernel: [    0.000000] ACPI: LAPIC (acpi_id[0x07] lapic_id[0x86] disabled)
Mar 19 10:53:06 monitor227 kernel: [    0.000000] ACPI: LAPIC (acpi_id[0x08] lapic_id[0x87] disabled)
Mar 19 10:53:06 monitor227 kernel: [    0.000000] ACPI: LAPIC (acpi_id[0x09] lapic_id[0x88] disabled)
Mar 19 10:53:06 monitor227 kernel: [    0.000000] ACPI: LAPIC (acpi_id[0x0a] lapic_id[0x89] disabled)
Mar 19 10:53:06 monitor227 kernel: [    0.000000] ACPI: LAPIC (acpi_id[0x0b] lapic_id[0x8a] disabled)
Mar 19 10:53:06 monitor227 kernel: [    0.000000] ACPI: LAPIC (acpi_id[0x0c] lapic_id[0x8b] disabled)
Mar 19 10:53:06 monitor227 kernel: [    0.000000] ACPI: LAPIC (acpi_id[0x0d] lapic_id[0x8c] disabled)
Mar 19 10:53:06 monitor227 kernel: [    0.000000] ACPI: LAPIC (acpi_id[0x0e] lapic_id[0x8d] disabled)
Mar 19 10:53:06 monitor227 kernel: [    0.000000] ACPI: LAPIC (acpi_id[0x0f] lapic_id[0x8e] disabled)
Mar 19 10:53:06 monitor227 kernel: [    0.000000] ACPI: LAPIC (acpi_id[0x10] lapic_id[0x8f] disabled)
Mar 19 10:53:06 monitor227 kernel: [    0.000000] ACPI: IOAPIC (id[0x06] address[0xfec00000] gsi_base[0])
Mar 19 10:53:06 monitor227 kernel: [    0.000000] IOAPIC[0]: apic_id 6, version 32, address 0xfec00000, GSI 0-23
Mar 19 10:53:06 monitor227 kernel: [    0.000000] ACPI: INT_SRC_OVR (bus 0 bus_irq 0 global_irq 2 dfl dfl)
Mar 19 10:53:06 monitor227 kernel: [    0.000000] ACPI: INT_SRC_OVR (bus 0 bus_irq 9 global_irq 9 high level)
Mar 19 10:53:06 monitor227 kernel: [    0.000000] ACPI: IRQ0 used by override.
Mar 19 10:53:06 monitor227 kernel: [    0.000000] ACPI: IRQ2 used by override.
Mar 19 10:53:06 monitor227 kernel: [    0.000000] ACPI: IRQ9 used by override.
Mar 19 10:53:06 monitor227 kernel: [    0.000000] Using ACPI (MADT) for SMP configuration information
Mar 19 10:53:06 monitor227 kernel: [    0.000000] ACPI: HPET id: 0x8086a701 base: 0xfed00000
Mar 19 10:53:06 monitor227 kernel: [    0.000000] smpboot: Allowing 16 CPUs, 12 hotplug CPUs
Mar 19 10:53:06 monitor227 kernel: [    0.000000] nr_irqs_gsi: 40
Mar 19 10:53:06 monitor227 kernel: [    0.000000] PM: Registered nosave memory: 000000000009f000 - 00000000000a0000
Mar 19 10:53:06 monitor227 kernel: [    0.000000] PM: Registered nosave memory: 00000000000a0000 - 00000000000e4000
Mar 19 10:53:06 monitor227 kernel: [    0.000000] PM: Registered nosave memory: 00000000000e4000 - 0000000000100000
Mar 19 10:53:06 monitor227 kernel: [    0.000000] PM: Registered nosave memory: 00000000dcf60000 - 00000000dcf78000
Mar 19 10:53:06 monitor227 kernel: [    0.000000] PM: Registered nosave memory: 00000000dcf78000 - 00000000dcfdc000
Mar 19 10:53:06 monitor227 kernel: [    0.000000] PM: Registered nosave memory: 00000000dcfdc000 - 00000000dd800000
Mar 19 10:53:06 monitor227 kernel: [    0.000000] PM: Registered nosave memory: 00000000dd800000 - 00000000dde00000
Mar 19 10:53:06 monitor227 kernel: [    0.000000] PM: Registered nosave memory: 00000000dde00000 - 00000000e0000000
Mar 19 10:53:06 monitor227 kernel: [    0.000000] PM: Registered nosave memory: 00000000e0000000 - 00000000fee00000
Mar 19 10:53:06 monitor227 kernel: [    0.000000] PM: Registered nosave memory: 00000000fee00000 - 00000000fee01000
Mar 19 10:53:06 monitor227 kernel: [    0.000000] PM: Registered nosave memory: 00000000fee01000 - 00000000ff800000
Mar 19 10:53:06 monitor227 kernel: [    0.000000] PM: Registered nosave memory: 00000000ff800000 - 0000000100000000
Mar 19 10:53:06 monitor227 kernel: [    0.000000] e820: [mem 0xe0000000-0xfedfffff] available for PCI devices
Mar 19 10:53:06 monitor227 kernel: [    0.000000] Booting paravirtualized kernel on bare hardware
Mar 19 10:53:06 monitor227 kernel: [    0.000000] setup_percpu: NR_CPUS:256 nr_cpumask_bits:256 nr_cpu_ids:16 nr_node_ids:1
Mar 19 10:53:06 monitor227 kernel: [    0.000000] PERCPU: Embedded 28 pages/cpu @ffff880117c00000 s85056 r8192 d21440 u131072
Mar 19 10:53:06 monitor227 kernel: [    0.000000] pcpu-alloc: s85056 r8192 d21440 u131072 alloc=1*2097152
Mar 19 10:53:06 monitor227 kernel: [    0.000000] pcpu-alloc: [0] 00 01 02 03 04 05 06 07 08 09 10 11 12 13 14 15 
Mar 19 10:53:06 monitor227 kernel: [    0.000000] Built 1 zonelists in Node order, mobility grouping on.  Total pages: 987563
Mar 19 10:53:06 monitor227 kernel: [    0.000000] Policy zone: Normal
Mar 19 10:53:06 monitor227 kernel: [    0.000000] Kernel command line: BOOT_IMAGE=/vmlinuz-3.8.0-29-generic root=/dev/mapper/monitor227--vg-root ro
Mar 19 10:53:06 monitor227 kernel: [    0.000000] PID hash table entries: 4096 (order: 3, 32768 bytes)
Mar 19 10:53:06 monitor227 kernel: [    0.000000] __ex_table already sorted, skipping sort
Mar 19 10:53:06 monitor227 kernel: [    0.000000] Checking aperture...
Mar 19 10:53:06 monitor227 kernel: [    0.000000] No AGP bridge found
Mar 19 10:53:06 monitor227 kernel: [    0.000000] Calgary: detecting Calgary via BIOS EBDA area
Mar 19 10:53:06 monitor227 kernel: [    0.000000] Calgary: Unable to locate Rio Grande table in EBDA - bailing!
Mar 19 10:53:06 monitor227 kernel: [    0.000000] Memory: 3849612k/4587520k available (7170k kernel code, 574532k absent, 163376k reserved, 6073k data, 1012k init)
Mar 19 10:53:06 monitor227 kernel: [    0.000000] SLUB: Genslabs=15, HWalign=64, Order=0-3, MinObjects=0, CPUs=16, Nodes=1
Mar 19 10:53:06 monitor227 kernel: [    0.000000] Hierarchical RCU implementation.
Mar 19 10:53:06 monitor227 kernel: [    0.000000] 	RCU dyntick-idle grace-period acceleration is enabled.
Mar 19 10:53:06 monitor227 kernel: [    0.000000] 	RCU restricting CPUs from NR_CPUS=256 to nr_cpu_ids=16.
Mar 19 10:53:06 monitor227 kernel: [    0.000000] NR_IRQS:16640 nr_irqs:808 16
Mar 19 10:53:06 monitor227 kernel: [    0.000000] Extended CMOS year: 2000
Mar 19 10:53:06 monitor227 kernel: [    0.000000] Console: colour VGA+ 80x25
Mar 19 10:53:06 monitor227 kernel: [    0.000000] console [tty0] enabled
Mar 19 10:53:06 monitor227 kernel: [    0.000000] allocated 16252928 bytes of page_cgroup
Mar 19 10:53:06 monitor227 kernel: [    0.000000] please try 'cgroup_disable=memory' option if you don't want memory cgroups
Mar 19 10:53:06 monitor227 kernel: [    0.000000] hpet clockevent registered
Mar 19 10:53:06 monitor227 kernel: [    0.000000] tsc: Fast TSC calibration using PIT
Mar 19 10:53:06 monitor227 kernel: [    0.004000] tsc: Detected 3077.416 MHz processor
Mar 19 10:53:06 monitor227 kernel: [    0.000003] Calibrating delay loop (skipped), value calculated using timer frequency.. 6154.83 BogoMIPS (lpj=12309664)
Mar 19 10:53:06 monitor227 kernel: [    0.000105] pid_max: default: 32768 minimum: 301
Mar 19 10:53:06 monitor227 kernel: [    0.000177] Security Framework initialized
Mar 19 10:53:06 monitor227 kernel: [    0.000233] AppArmor: AppArmor initialized
Mar 19 10:53:06 monitor227 kernel: [    0.000280] Yama: becoming mindful.
Mar 19 10:53:06 monitor227 kernel: [    0.000576] Dentry cache hash table entries: 524288 (order: 10, 4194304 bytes)
Mar 19 10:53:06 monitor227 kernel: [    0.001501] Inode-cache hash table entries: 262144 (order: 9, 2097152 bytes)
Mar 19 10:53:06 monitor227 kernel: [    0.001913] Mount-cache hash table entries: 256
Mar 19 10:53:06 monitor227 kernel: [    0.002122] Initializing cgroup subsys cpuacct
Mar 19 10:53:06 monitor227 kernel: [    0.002173] Initializing cgroup subsys memory
Mar 19 10:53:06 monitor227 kernel: [    0.002224] Initializing cgroup subsys devices
Mar 19 10:53:06 monitor227 kernel: [    0.002273] Initializing cgroup subsys freezer
Mar 19 10:53:06 monitor227 kernel: [    0.002322] Initializing cgroup subsys blkio
Mar 19 10:53:06 monitor227 kernel: [    0.002370] Initializing cgroup subsys perf_event
Mar 19 10:53:06 monitor227 kernel: [    0.002421] Initializing cgroup subsys hugetlb
Mar 19 10:53:06 monitor227 kernel: [    0.002486] CPU: Physical Processor ID: 0
Mar 19 10:53:06 monitor227 kernel: [    0.002534] CPU: Processor Core ID: 0
Mar 19 10:53:06 monitor227 kernel: [    0.002583] mce: CPU supports 9 MCE banks
Mar 19 10:53:06 monitor227 kernel: [    0.002639] CPU0: Thermal monitoring enabled (TM1)
Mar 19 10:53:06 monitor227 kernel: [    0.002694] process: using mwait in idle threads
Mar 19 10:53:06 monitor227 kernel: [    0.002745] Last level iTLB entries: 4KB 512, 2MB 7, 4MB 7
Mar 19 10:53:06 monitor227 kernel: [    0.002745] Last level dTLB entries: 4KB 512, 2MB 32, 4MB 32
Mar 19 10:53:06 monitor227 kernel: [    0.002745] tlb_flushall_shift: 6
Mar 19 10:53:06 monitor227 kernel: [    0.002983] Freeing SMP alternatives: 24k freed
Mar 19 10:53:06 monitor227 kernel: [    0.004824] ACPI: Core revision 20121018
Mar 19 10:53:06 monitor227 kernel: [    0.030486] ftrace: allocating 29358 entries in 115 pages
Mar 19 10:53:06 monitor227 kernel: [    0.042827] Switched APIC routing to physical flat.
Mar 19 10:53:06 monitor227 kernel: [    0.043250] ..TIMER: vector=0x30 apic1=0 pin1=2 apic2=-1 pin2=-1
Mar 19 10:53:06 monitor227 kernel: [    0.082895] smpboot: CPU0: Intel(R) Core(TM) i3 CPU         540  @ 3.07GHz (fam: 06, model: 25, stepping: 05)
Mar 19 10:53:06 monitor227 kernel: [    0.190411] Performance Events: PEBS fmt1+, 16-deep LBR, Westmere events, Intel PMU driver.
Mar 19 10:53:06 monitor227 kernel: [    0.190561] perf_event_intel: CPUID marked event: 'bus cycles' unavailable
Mar 19 10:53:06 monitor227 kernel: [    0.190616] ... version:                3
Mar 19 10:53:06 monitor227 kernel: [    0.190662] ... bit width:              48
Mar 19 10:53:06 monitor227 kernel: [    0.190709] ... generic registers:      4
Mar 19 10:53:06 monitor227 kernel: [    0.190756] ... value mask:             0000ffffffffffff
Mar 19 10:53:06 monitor227 kernel: [    0.190807] ... max period:             000000007fffffff
Mar 19 10:53:06 monitor227 kernel: [    0.190857] ... fixed-purpose events:   3
Mar 19 10:53:06 monitor227 kernel: [    0.190905] ... event mask:             000000070000000f
Mar 19 10:53:06 monitor227 kernel: [    0.205163] NMI watchdog: enabled on all CPUs, permanently consumes one hw-PMU counter.
Mar 19 10:53:06 monitor227 kernel: [    0.191843] smpboot: Booting Node   0, Processors  #1 #2 #3
Mar 19 10:53:06 monitor227 kernel: [    0.231722] Brought up 4 CPUs
Mar 19 10:53:06 monitor227 kernel: [    0.231805] smpboot: Total of 4 processors activated (24619.32 BogoMIPS)
Mar 19 10:53:06 monitor227 kernel: [    0.234583] devtmpfs: initialized
Mar 19 10:53:06 monitor227 kernel: [    0.235431] EVM: security.selinux
Mar 19 10:53:06 monitor227 kernel: [    0.235478] EVM: security.SMACK64
Mar 19 10:53:06 monitor227 kernel: [    0.235523] EVM: security.capability
Mar 19 10:53:06 monitor227 kernel: [    0.235601] PM: Registering ACPI NVS region [mem 0xdcf78000-0xdcfdbfff] (409600 bytes)
Mar 19 10:53:06 monitor227 kernel: [    0.236400] regulator-dummy: no parameters
Mar 19 10:53:06 monitor227 kernel: [    0.236490] NET: Registered protocol family 16
Mar 19 10:53:06 monitor227 kernel: [    0.236643] ACPI: bus type pci registered
Mar 19 10:53:06 monitor227 kernel: [    0.236736] PCI: MMCONFIG for domain 0000 [bus 00-3f] at [mem 0xf8000000-0xfbffffff] (base 0xf8000000)
Mar 19 10:53:06 monitor227 kernel: [    0.236818] PCI: not using MMCONFIG
Mar 19 10:53:06 monitor227 kernel: [    0.236865] PCI: Using configuration type 1 for base access
Mar 19 10:53:06 monitor227 kernel: [    0.237580] bio: create slab <bio-0> at 0
Mar 19 10:53:06 monitor227 kernel: [    0.237701] ACPI: Added _OSI(Module Device)
Mar 19 10:53:06 monitor227 kernel: [    0.237751] ACPI: Added _OSI(Processor Device)
Mar 19 10:53:06 monitor227 kernel: [    0.237800] ACPI: Added _OSI(3.0 _SCP Extensions)
Mar 19 10:53:06 monitor227 kernel: [    0.238361] ACPI: Added _OSI(Processor Aggregator Device)
Mar 19 10:53:06 monitor227 kernel: [    0.239382] ACPI: EC: Look up EC in DSDT
Mar 19 10:53:06 monitor227 kernel: [    0.240497] ACPI: Executed 1 blocks of module-level executable AML code
Mar 19 10:53:06 monitor227 kernel: [    0.244050] ACPI: SSDT 00000000dcf7a0f0 01340 (v01 DpgPmm  P001Ist 00000011 INTL 20060113)
Mar 19 10:53:06 monitor227 kernel: [    0.244429] ACPI: Dynamic OEM Table Load:
Mar 19 10:53:06 monitor227 kernel: [    0.244512] ACPI: SSDT           (null) 01340 (v01 DpgPmm  P001Ist 00000011 INTL 20060113)
Mar 19 10:53:06 monitor227 kernel: [    0.244683] ACPI: SSDT 00000000dcf7b430 004D5 (v01  PmRef  P001Cst 00003001 INTL 20060113)
Mar 19 10:53:06 monitor227 kernel: [    0.245024] ACPI: Dynamic OEM Table Load:
Mar 19 10:53:06 monitor227 kernel: [    0.245106] ACPI: SSDT           (null) 004D5 (v01  PmRef  P001Cst 00003001 INTL 20060113)
Mar 19 10:53:06 monitor227 kernel: [    0.245412] ACPI: Interpreter enabled
Mar 19 10:53:06 monitor227 kernel: [    0.245461] ACPI: (supports S0 S1 S3 S4 S5)
Mar 19 10:53:06 monitor227 kernel: [    0.245606] ACPI: Using IOAPIC for interrupt routing
Mar 19 10:53:06 monitor227 kernel: [    0.245671] PCI: MMCONFIG for domain 0000 [bus 00-3f] at [mem 0xf8000000-0xfbffffff] (base 0xf8000000)
Mar 19 10:53:06 monitor227 kernel: [    0.246272] PCI: MMCONFIG at [mem 0xf8000000-0xfbffffff] reserved in ACPI motherboard resources
Mar 19 10:53:06 monitor227 kernel: [    0.254186] ACPI: No dock devices found.
Mar 19 10:53:06 monitor227 kernel: [    0.254235] PCI: Using host bridge windows from ACPI; if necessary, use "pci=nocrs" and report a bug
Mar 19 10:53:06 monitor227 kernel: [    0.254373] ACPI: PCI Root Bridge [PCI0] (domain 0000 [bus 00-ff])
Mar 19 10:53:06 monitor227 kernel: [    0.254427] ACPI: PCI Interrupt Routing Table [\_SB_.PCI0._PRT]
Mar 19 10:53:06 monitor227 kernel: [    0.254669] pci_root PNP0A08:00: [Firmware Info]: MMCONFIG for domain 0000 [bus 00-3f] only partially covers this bridge
Mar 19 10:53:06 monitor227 kernel: [    0.254772] PCI host bridge to bus 0000:00
Mar 19 10:53:06 monitor227 kernel: [    0.254821] pci_bus 0000:00: root bus resource [bus 00-ff]
Mar 19 10:53:06 monitor227 kernel: [    0.254873] pci_bus 0000:00: root bus resource [io  0x0000-0x0cf7]
Mar 19 10:53:06 monitor227 kernel: [    0.254926] pci_bus 0000:00: root bus resource [io  0x0d00-0xffff]
Mar 19 10:53:06 monitor227 kernel: [    0.254979] pci_bus 0000:00: root bus resource [mem 0x000a0000-0x000bffff]
Mar 19 10:53:06 monitor227 kernel: [    0.255032] pci_bus 0000:00: root bus resource [mem 0x000d0000-0x000dffff]
Mar 19 10:53:06 monitor227 kernel: [    0.255087] pci_bus 0000:00: root bus resource [mem 0xe0000000-0xf7ffffff]
Mar 19 10:53:06 monitor227 kernel: [    0.255142] pci_bus 0000:00: root bus resource [mem 0xfc000000-0xfed8ffff]
Mar 19 10:53:06 monitor227 kernel: [    0.255203] pci 0000:00:00.0: [8086:0040] type 00 class 0x060000
Mar 19 10:53:06 monitor227 kernel: [    0.255218] DMAR: BIOS has allocated no shadow GTT; disabling IOMMU for graphics
Mar 19 10:53:06 monitor227 kernel: [    0.255310] pci 0000:00:02.0: [8086:0042] type 00 class 0x030000
Mar 19 10:53:06 monitor227 kernel: [    0.255319] pci 0000:00:02.0: reg 10: [mem 0xf7800000-0xf7bfffff 64bit]
Mar 19 10:53:06 monitor227 kernel: [    0.255324] pci 0000:00:02.0: reg 18: [mem 0xe0000000-0xefffffff 64bit pref]
Mar 19 10:53:06 monitor227 kernel: [    0.255327] pci 0000:00:02.0: reg 20: [io  0xcc00-0xcc07]
Mar 19 10:53:06 monitor227 kernel: [    0.255374] pci 0000:00:16.0: [8086:3b64] type 00 class 0x078000
Mar 19 10:53:06 monitor227 kernel: [    0.255400] pci 0000:00:16.0: reg 10: [mem 0xf7ef7000-0xf7ef700f 64bit]
Mar 19 10:53:06 monitor227 kernel: [    0.255488] pci 0000:00:16.0: PME# supported from D0 D3hot D3cold
Mar 19 10:53:06 monitor227 kernel: [    0.255516] pci 0000:00:1a.0: [8086:3b3c] type 00 class 0x0c0320
Mar 19 10:53:06 monitor227 kernel: [    0.255533] pci 0000:00:1a.0: reg 10: [mem 0xf7ef6000-0xf7ef63ff]
Mar 19 10:53:06 monitor227 kernel: [    0.255609] pci 0000:00:1a.0: PME# supported from D0 D3hot D3cold
Mar 19 10:53:06 monitor227 kernel: [    0.255629] pci 0000:00:1b.0: [8086:3b56] type 00 class 0x040300
Mar 19 10:53:06 monitor227 kernel: [    0.255641] pci 0000:00:1b.0: reg 10: [mem 0xf7ef0000-0xf7ef3fff 64bit]
Mar 19 10:53:06 monitor227 kernel: [    0.255695] pci 0000:00:1b.0: PME# supported from D0 D3hot D3cold
Mar 19 10:53:06 monitor227 kernel: [    0.255712] pci 0000:00:1c.0: [8086:3b42] type 01 class 0x060400
Mar 19 10:53:06 monitor227 kernel: [    0.255767] pci 0000:00:1c.0: PME# supported from D0 D3hot D3cold
Mar 19 10:53:06 monitor227 kernel: [    0.255784] pci 0000:00:1c.1: [8086:3b44] type 01 class 0x060400
Mar 19 10:53:06 monitor227 kernel: [    0.255840] pci 0000:00:1c.1: PME# supported from D0 D3hot D3cold
Mar 19 10:53:06 monitor227 kernel: [    0.255860] pci 0000:00:1c.4: [8086:3b4a] type 01 class 0x060400
Mar 19 10:53:06 monitor227 kernel: [    0.255916] pci 0000:00:1c.4: PME# supported from D0 D3hot D3cold
Mar 19 10:53:06 monitor227 kernel: [    0.255941] pci 0000:00:1d.0: [8086:3b34] type 00 class 0x0c0320
Mar 19 10:53:06 monitor227 kernel: [    0.255959] pci 0000:00:1d.0: reg 10: [mem 0xf7ef5000-0xf7ef53ff]
Mar 19 10:53:06 monitor227 kernel: [    0.256034] pci 0000:00:1d.0: PME# supported from D0 D3hot D3cold
Mar 19 10:53:06 monitor227 kernel: [    0.256051] pci 0000:00:1e.0: [8086:244e] type 01 class 0x060401
Mar 19 10:53:06 monitor227 kernel: [    0.256101] pci 0000:00:1f.0: [8086:3b06] type 00 class 0x060100
Mar 19 10:53:06 monitor227 kernel: [    0.256203] pci 0000:00:1f.2: [8086:3b20] type 00 class 0x01018f
Mar 19 10:53:06 monitor227 kernel: [    0.256215] pci 0000:00:1f.2: reg 10: [io  0xb880-0xb887]
Mar 19 10:53:06 monitor227 kernel: [    0.256222] pci 0000:00:1f.2: reg 14: [io  0xb800-0xb803]
Mar 19 10:53:06 monitor227 kernel: [    0.256228] pci 0000:00:1f.2: reg 18: [io  0xb480-0xb487]
Mar 19 10:53:06 monitor227 kernel: [    0.256234] pci 0000:00:1f.2: reg 1c: [io  0xb400-0xb403]
Mar 19 10:53:06 monitor227 kernel: [    0.256240] pci 0000:00:1f.2: reg 20: [io  0xb080-0xb08f]
Mar 19 10:53:06 monitor227 kernel: [    0.256246] pci 0000:00:1f.2: reg 24: [io  0xb000-0xb00f]
Mar 19 10:53:06 monitor227 kernel: [    0.256282] pci 0000:00:1f.3: [8086:3b30] type 00 class 0x0c0500
Mar 19 10:53:06 monitor227 kernel: [    0.256294] pci 0000:00:1f.3: reg 10: [mem 0xf7ef4000-0xf7ef40ff 64bit]
Mar 19 10:53:06 monitor227 kernel: [    0.256311] pci 0000:00:1f.3: reg 20: [io  0x0400-0x041f]
Mar 19 10:53:06 monitor227 kernel: [    0.256337] pci 0000:00:1f.5: [8086:3b26] type 00 class 0x010185
Mar 19 10:53:06 monitor227 kernel: [    0.256349] pci 0000:00:1f.5: reg 10: [io  0xc880-0xc887]
Mar 19 10:53:06 monitor227 kernel: [    0.256355] pci 0000:00:1f.5: reg 14: [io  0xc800-0xc803]
Mar 19 10:53:06 monitor227 kernel: [    0.256361] pci 0000:00:1f.5: reg 18: [io  0xc480-0xc487]
Mar 19 10:53:06 monitor227 kernel: [    0.256367] pci 0000:00:1f.5: reg 1c: [io  0xc400-0xc403]
Mar 19 10:53:06 monitor227 kernel: [    0.256374] pci 0000:00:1f.5: reg 20: [io  0xc080-0xc08f]
Mar 19 10:53:06 monitor227 kernel: [    0.256380] pci 0000:00:1f.5: reg 24: [io  0xc000-0xc00f]
Mar 19 10:53:06 monitor227 kernel: [    0.256445] pci 0000:00:1c.0: PCI bridge to [bus 03]
Mar 19 10:53:06 monitor227 kernel: [    0.256547] pci 0000:02:00.0: [1106:0415] type 00 class 0x010185
Mar 19 10:53:06 monitor227 kernel: [    0.256562] pci 0000:02:00.0: reg 10: [io  0xec00-0xec07]
Mar 19 10:53:06 monitor227 kernel: [    0.256573] pci 0000:02:00.0: reg 14: [io  0xe880-0xe883]
Mar 19 10:53:06 monitor227 kernel: [    0.256583] pci 0000:02:00.0: reg 18: [io  0xe800-0xe807]
Mar 19 10:53:06 monitor227 kernel: [    0.256594] pci 0000:02:00.0: reg 1c: [io  0xe480-0xe483]
Mar 19 10:53:06 monitor227 kernel: [    0.256604] pci 0000:02:00.0: reg 20: [io  0xe400-0xe40f]
Mar 19 10:53:06 monitor227 kernel: [    0.256624] pci 0000:02:00.0: reg 30: [mem 0xf7ff0000-0xf7ffffff pref]
Mar 19 10:53:06 monitor227 kernel: [    0.256674] pci 0000:02:00.0: supports D1 D2
Mar 19 10:53:06 monitor227 kernel: [    0.256675] pci 0000:02:00.0: PME# supported from D1 D2 D3hot
Mar 19 10:53:06 monitor227 kernel: [    0.262268] pci 0000:00:1c.1: PCI bridge to [bus 02]
Mar 19 10:53:06 monitor227 kernel: [    0.262327] pci 0000:00:1c.1:   bridge window [io  0xe000-0xefff]
Mar 19 10:53:06 monitor227 kernel: [    0.262333] pci 0000:00:1c.1:   bridge window [mem 0xf7f00000-0xf7ffffff]
Mar 19 10:53:06 monitor227 kernel: [    0.262392] pci 0000:01:00.0: [10ec:8168] type 00 class 0x020000
Mar 19 10:53:06 monitor227 kernel: [    0.262407] pci 0000:01:00.0: reg 10: [io  0xd800-0xd8ff]
Mar 19 10:53:06 monitor227 kernel: [    0.262431] pci 0000:01:00.0: reg 18: [mem 0xf6fff000-0xf6ffffff 64bit pref]
Mar 19 10:53:06 monitor227 kernel: [    0.262447] pci 0000:01:00.0: reg 20: [mem 0xf6ff8000-0xf6ffbfff 64bit pref]
Mar 19 10:53:06 monitor227 kernel: [    0.262513] pci 0000:01:00.0: supports D1 D2
Mar 19 10:53:06 monitor227 kernel: [    0.262515] pci 0000:01:00.0: PME# supported from D0 D1 D2 D3hot D3cold
Mar 19 10:53:06 monitor227 kernel: [    0.270248] pci 0000:00:1c.4: PCI bridge to [bus 01]
Mar 19 10:53:06 monitor227 kernel: [    0.270306] pci 0000:00:1c.4:   bridge window [io  0xd000-0xdfff]
Mar 19 10:53:06 monitor227 kernel: [    0.270316] pci 0000:00:1c.4:   bridge window [mem 0xf6f00000-0xf6ffffff 64bit pref]
Mar 19 10:53:06 monitor227 kernel: [    0.270377] pci 0000:00:1e.0: PCI bridge to [bus 04] (subtractive decode)
Mar 19 10:53:06 monitor227 kernel: [    0.270437] pci 0000:00:1e.0:   bridge window [io  0x0000-0x0cf7] (subtractive decode)
Mar 19 10:53:06 monitor227 kernel: [    0.270439] pci 0000:00:1e.0:   bridge window [io  0x0d00-0xffff] (subtractive decode)
Mar 19 10:53:06 monitor227 kernel: [    0.270440] pci 0000:00:1e.0:   bridge window [mem 0x000a0000-0x000bffff] (subtractive decode)
Mar 19 10:53:06 monitor227 kernel: [    0.270441] pci 0000:00:1e.0:   bridge window [mem 0x000d0000-0x000dffff] (subtractive decode)
Mar 19 10:53:06 monitor227 kernel: [    0.270443] pci 0000:00:1e.0:   bridge window [mem 0xe0000000-0xf7ffffff] (subtractive decode)
Mar 19 10:53:06 monitor227 kernel: [    0.270444] pci 0000:00:1e.0:   bridge window [mem 0xfc000000-0xfed8ffff] (subtractive decode)
Mar 19 10:53:06 monitor227 kernel: [    0.270465] ACPI: PCI Interrupt Routing Table [\_SB_.PCI0.BR1E._PRT]
Mar 19 10:53:06 monitor227 kernel: [    0.270509] ACPI: PCI Interrupt Routing Table [\_SB_.PCI0.BR21._PRT]
Mar 19 10:53:06 monitor227 kernel: [    0.270539] ACPI: PCI Interrupt Routing Table [\_SB_.PCI0.BR20._PRT]
Mar 19 10:53:06 monitor227 kernel: [    0.270556] ACPI: PCI Interrupt Routing Table [\_SB_.PCI0.BR24._PRT]
Mar 19 10:53:06 monitor227 kernel: [    0.270643]  pci0000:00: Requesting ACPI _OSC control (0x1d)
Mar 19 10:53:06 monitor227 kernel: [    0.270812]  pci0000:00: ACPI _OSC request failed (AE_SUPPORT), returned control mask: 0x0d
Mar 19 10:53:06 monitor227 kernel: [    0.270891] ACPI _OSC control for PCIe not granted, disabling ASPM
Mar 19 10:53:06 monitor227 kernel: [    0.271478] ACPI: PCI Interrupt Link [LNKA] (IRQs 3 4 6 7 *10 11 12 14 15)
Mar 19 10:53:06 monitor227 kernel: [    0.271752] ACPI: PCI Interrupt Link [LNKB] (IRQs *5)
Mar 19 10:53:06 monitor227 kernel: [    0.271881] ACPI: PCI Interrupt Link [LNKC] (IRQs *3 4 6 7 10 11 12 14 15)
Mar 19 10:53:06 monitor227 kernel: [    0.272152] ACPI: PCI Interrupt Link [LNKD] (IRQs 3 4 6 7 10 11 12 14 15) *0, disabled.
Mar 19 10:53:06 monitor227 kernel: [    0.272479] ACPI: PCI Interrupt Link [LNKE] (IRQs 3 4 6 7 10 11 12 14 15) *0, disabled.
Mar 19 10:53:06 monitor227 kernel: [    0.272808] ACPI: PCI Interrupt Link [LNKF] (IRQs 3 4 6 7 10 *11 12 14 15)
Mar 19 10:53:06 monitor227 kernel: [    0.273080] ACPI: PCI Interrupt Link [LNKG] (IRQs 3 4 6 7 10 11 12 14 *15)
Mar 19 10:53:06 monitor227 kernel: [    0.273351] ACPI: PCI Interrupt Link [LNKH] (IRQs 3 4 6 7 10 11 12 *14 15)
Mar 19 10:53:06 monitor227 kernel: [    0.273667] vgaarb: device added: PCI:0000:00:02.0,decodes=io+mem,owns=io+mem,locks=none
Mar 19 10:53:06 monitor227 kernel: [    0.273748] vgaarb: loaded
Mar 19 10:53:06 monitor227 kernel: [    0.273791] vgaarb: bridge control possible 0000:00:02.0
Mar 19 10:53:06 monitor227 kernel: [    0.273961] SCSI subsystem initialized
Mar 19 10:53:06 monitor227 kernel: [    0.274009] ACPI: bus type scsi registered
Mar 19 10:53:06 monitor227 kernel: [    0.274082] libata version 3.00 loaded.
Mar 19 10:53:06 monitor227 kernel: [    0.274096] ACPI: bus type usb registered
Mar 19 10:53:06 monitor227 kernel: [    0.274154] usbcore: registered new interface driver usbfs
Mar 19 10:53:06 monitor227 kernel: [    0.274209] usbcore: registered new interface driver hub
Mar 19 10:53:06 monitor227 kernel: [    0.274280] usbcore: registered new device driver usb
Mar 19 10:53:06 monitor227 kernel: [    0.274397] PCI: Using ACPI for IRQ routing
Mar 19 10:53:06 monitor227 kernel: [    0.275607] PCI: Discovered peer bus 3f
Mar 19 10:53:06 monitor227 kernel: [    0.275655] PCI: root bus 3f: using default resources
Mar 19 10:53:06 monitor227 kernel: [    0.275656] PCI: Probing PCI hardware (bus 3f)
Mar 19 10:53:06 monitor227 kernel: [    0.275672] PCI host bridge to bus 0000:3f
Mar 19 10:53:06 monitor227 kernel: [    0.275719] pci_bus 0000:3f: root bus resource [io  0x0000-0xffff]
Mar 19 10:53:06 monitor227 kernel: [    0.275771] pci_bus 0000:3f: root bus resource [mem 0x00000000-0xfffffffff]
Mar 19 10:53:06 monitor227 kernel: [    0.275827] pci_bus 0000:3f: No busn resource found for root bus, will use [bus 3f-ff]
Mar 19 10:53:06 monitor227 kernel: [    0.275907] pci 0000:3f:00.0: [8086:2c61] type 00 class 0x060000
Mar 19 10:53:06 monitor227 kernel: [    0.275923] pci 0000:3f:00.1: [8086:2d01] type 00 class 0x060000
Mar 19 10:53:06 monitor227 kernel: [    0.275939] pci 0000:3f:02.0: [8086:2d10] type 00 class 0x060000
Mar 19 10:53:06 monitor227 kernel: [    0.275952] pci 0000:3f:02.1: [8086:2d11] type 00 class 0x060000
Mar 19 10:53:06 monitor227 kernel: [    0.275966] pci 0000:3f:02.2: [8086:2d12] type 00 class 0x060000
Mar 19 10:53:06 monitor227 kernel: [    0.275980] pci 0000:3f:02.3: [8086:2d13] type 00 class 0x060000
Mar 19 10:53:06 monitor227 kernel: [    0.276002] pci_bus 0000:3f: busn_res: [bus 3f-ff] end is updated to 3f
Mar 19 10:53:06 monitor227 kernel: [    0.276075] PCI: pci_cache_line_size set to 64 bytes
Mar 19 10:53:06 monitor227 kernel: [    0.276116] e820: reserve RAM buffer [mem 0x0009fc00-0x0009ffff]
Mar 19 10:53:06 monitor227 kernel: [    0.276117] e820: reserve RAM buffer [mem 0xdcf60000-0xdfffffff]
Mar 19 10:53:06 monitor227 kernel: [    0.276184] NetLabel: Initializing
Mar 19 10:53:06 monitor227 kernel: [    0.276232] NetLabel:  domain hash size = 128
Mar 19 10:53:06 monitor227 kernel: [    0.276278] NetLabel:  protocols = UNLABELED CIPSOv4
Mar 19 10:53:06 monitor227 kernel: [    0.276336] NetLabel:  unlabeled traffic allowed by default
Mar 19 10:53:06 monitor227 kernel: [    0.276423] hpet0: at MMIO 0xfed00000, IRQs 2, 8, 0, 0, 0, 0, 0, 0
Mar 19 10:53:06 monitor227 kernel: [    0.276633] hpet0: 8 comparators, 64-bit 14.318180 MHz counter
Mar 19 10:53:06 monitor227 kernel: [    0.278690] Switching to clocksource hpet
Mar 19 10:53:06 monitor227 kernel: [    0.282901] AppArmor: AppArmor Filesystem Enabled
Mar 19 10:53:06 monitor227 kernel: [    0.282979] pnp: PnP ACPI init
Mar 19 10:53:06 monitor227 kernel: [    0.283035] ACPI: bus type pnp registered
Mar 19 10:53:06 monitor227 kernel: [    0.283148] system 00:00: [mem 0xfed14000-0xfed19fff] has been reserved
Mar 19 10:53:06 monitor227 kernel: [    0.283205] system 00:00: Plug and Play ACPI device, IDs PNP0c01 (active)
Mar 19 10:53:06 monitor227 kernel: [    0.283244] pnp 00:01: [dma 4]
Mar 19 10:53:06 monitor227 kernel: [    0.283256] pnp 00:01: Plug and Play ACPI device, IDs PNP0200 (active)
Mar 19 10:53:06 monitor227 kernel: [    0.283288] pnp 00:02: Plug and Play ACPI device, IDs PNP0b00 (active)
Mar 19 10:53:06 monitor227 kernel: [    0.283303] pnp 00:03: Plug and Play ACPI device, IDs PNP0800 (active)
Mar 19 10:53:06 monitor227 kernel: [    0.283321] pnp 00:04: Plug and Play ACPI device, IDs PNP0c04 (active)
Mar 19 10:53:06 monitor227 kernel: [    0.283464] system 00:05: [io  0x0290-0x029f] has been reserved
Mar 19 10:53:06 monitor227 kernel: [    0.283519] system 00:05: Plug and Play ACPI device, IDs PNP0c02 (active)
Mar 19 10:53:06 monitor227 kernel: [    0.283646] system 00:06: [io  0x04d0-0x04d1] has been reserved
Mar 19 10:53:06 monitor227 kernel: [    0.283699] system 00:06: [io  0x0800-0x087f] has been reserved
Mar 19 10:53:06 monitor227 kernel: [    0.283752] system 00:06: [io  0x0500-0x057f] has been reserved
Mar 19 10:53:06 monitor227 kernel: [    0.283805] system 00:06: [mem 0xfed1c000-0xfed1ffff] has been reserved
Mar 19 10:53:06 monitor227 kernel: [    0.283860] system 00:06: [mem 0xfed20000-0xfed3ffff] has been reserved
Mar 19 10:53:06 monitor227 kernel: [    0.283914] system 00:06: [mem 0xfed40000-0xfed8ffff] has been reserved
Mar 19 10:53:06 monitor227 kernel: [    0.283969] system 00:06: Plug and Play ACPI device, IDs PNP0c02 (active)
Mar 19 10:53:06 monitor227 kernel: [    0.284026] pnp 00:07: Plug and Play ACPI device, IDs PNP0103 (active)
Mar 19 10:53:06 monitor227 kernel: [    0.284179] pnp 00:08: [dma 0 disabled]
Mar 19 10:53:06 monitor227 kernel: [    0.284226] pnp 00:08: Plug and Play ACPI device, IDs PNP0501 (active)
Mar 19 10:53:06 monitor227 kernel: [    0.284294] system 00:09: [mem 0xfec00000-0xfec00fff] could not be reserved
Mar 19 10:53:06 monitor227 kernel: [    0.284350] system 00:09: [mem 0xfee00000-0xfee00fff] has been reserved
Mar 19 10:53:06 monitor227 kernel: [    0.284406] system 00:09: Plug and Play ACPI device, IDs PNP0c02 (active)
Mar 19 10:53:06 monitor227 kernel: [    0.284444] pnp 00:0a: Plug and Play ACPI device, IDs PNP0303 PNP030b (active)
Mar 19 10:53:06 monitor227 kernel: [    0.284640] pnp 00:0b: [dma 0 disabled]
Mar 19 10:53:06 monitor227 kernel: [    0.284714] pnp 00:0b: Plug and Play ACPI device, IDs PNP0400 (active)
Mar 19 10:53:06 monitor227 kernel: [    0.284773] system 00:0c: [mem 0xf8000000-0xfbffffff] has been reserved
Mar 19 10:53:06 monitor227 kernel: [    0.284829] system 00:0c: Plug and Play ACPI device, IDs PNP0c02 (active)
Mar 19 10:53:06 monitor227 kernel: [    0.284994] system 00:0d: [mem 0x00000000-0x0009ffff] could not be reserved
Mar 19 10:53:06 monitor227 kernel: [    0.285051] system 00:0d: [mem 0x000c0000-0x000cffff] could not be reserved
Mar 19 10:53:06 monitor227 kernel: [    0.285107] system 00:0d: [mem 0x000e0000-0x000fffff] could not be reserved
Mar 19 10:53:06 monitor227 kernel: [    0.285162] system 00:0d: [mem 0x00100000-0xdfffffff] could not be reserved
Mar 19 10:53:06 monitor227 kernel: [    0.285218] system 00:0d: [mem 0xfed90000-0xffffffff] could not be reserved
Mar 19 10:53:06 monitor227 kernel: [    0.285274] system 00:0d: Plug and Play ACPI device, IDs PNP0c01 (active)
Mar 19 10:53:06 monitor227 kernel: [    0.285363] pnp: PnP ACPI: found 14 devices
Mar 19 10:53:06 monitor227 kernel: [    0.285411] ACPI: ACPI bus type pnp unregistered
Mar 19 10:53:06 monitor227 kernel: [    0.291491] pci 0000:00:1c.0: bridge window [io  0x1000-0x0fff] to [bus 03] add_size 1000
Mar 19 10:53:06 monitor227 kernel: [    0.291495] pci 0000:00:1c.0: bridge window [mem 0x00100000-0x000fffff 64bit pref] to [bus 03] add_size 200000
Mar 19 10:53:06 monitor227 kernel: [    0.291497] pci 0000:00:1c.0: bridge window [mem 0x00100000-0x000fffff] to [bus 03] add_size 200000
Mar 19 10:53:06 monitor227 kernel: [    0.291503] pci 0000:00:1c.1: bridge window [mem 0x00100000-0x000fffff 64bit pref] to [bus 02] add_size 200000
Mar 19 10:53:06 monitor227 kernel: [    0.291510] pci 0000:00:1c.4: bridge window [mem 0x00100000-0x000fffff] to [bus 01] add_size 400000
Mar 19 10:53:06 monitor227 kernel: [    0.291522] pci 0000:00:1c.0: res[14]=[mem 0x00100000-0x000fffff] get_res_add_size add_size 200000
Mar 19 10:53:06 monitor227 kernel: [    0.291523] pci 0000:00:1c.0: res[15]=[mem 0x00100000-0x000fffff 64bit pref] get_res_add_size add_size 200000
Mar 19 10:53:06 monitor227 kernel: [    0.291525] pci 0000:00:1c.1: res[15]=[mem 0x00100000-0x000fffff 64bit pref] get_res_add_size add_size 200000
Mar 19 10:53:06 monitor227 kernel: [    0.291526] pci 0000:00:1c.4: res[14]=[mem 0x00100000-0x000fffff] get_res_add_size add_size 400000
Mar 19 10:53:06 monitor227 kernel: [    0.291528] pci 0000:00:1c.0: res[13]=[io  0x1000-0x0fff] get_res_add_size add_size 1000
Mar 19 10:53:06 monitor227 kernel: [    0.291532] pci 0000:00:1c.0: BAR 14: assigned [mem 0xf0000000-0xf01fffff]
Mar 19 10:53:06 monitor227 kernel: [    0.291589] pci 0000:00:1c.0: BAR 15: assigned [mem 0xf0200000-0xf03fffff 64bit pref]
Mar 19 10:53:06 monitor227 kernel: [    0.291667] pci 0000:00:1c.1: BAR 15: assigned [mem 0xf0400000-0xf05fffff 64bit pref]
Mar 19 10:53:06 monitor227 kernel: [    0.291744] pci 0000:00:1c.4: BAR 14: assigned [mem 0xf0600000-0xf09fffff]
Mar 19 10:53:06 monitor227 kernel: [    0.291799] pci 0000:00:1c.0: BAR 13: assigned [io  0x1000-0x1fff]
Mar 19 10:53:06 monitor227 kernel: [    0.291854] pci 0000:00:1c.0: PCI bridge to [bus 03]
Mar 19 10:53:06 monitor227 kernel: [    0.291906] pci 0000:00:1c.0:   bridge window [io  0x1000-0x1fff]
Mar 19 10:53:06 monitor227 kernel: [    0.291959] pci 0000:00:1c.0:   bridge window [mem 0xf0000000-0xf01fffff]
Mar 19 10:53:06 monitor227 kernel: [    0.292016] pci 0000:00:1c.0:   bridge window [mem 0xf0200000-0xf03fffff 64bit pref]
Mar 19 10:53:06 monitor227 kernel: [    0.292096] pci 0000:00:1c.1: PCI bridge to [bus 02]
Mar 19 10:53:06 monitor227 kernel: [    0.292146] pci 0000:00:1c.1:   bridge window [io  0xe000-0xefff]
Mar 19 10:53:06 monitor227 kernel: [    0.292199] pci 0000:00:1c.1:   bridge window [mem 0xf7f00000-0xf7ffffff]
Mar 19 10:53:06 monitor227 kernel: [    0.292255] pci 0000:00:1c.1:   bridge window [mem 0xf0400000-0xf05fffff 64bit pref]
Mar 19 10:53:06 monitor227 kernel: [    0.292334] pci 0000:00:1c.4: PCI bridge to [bus 01]
Mar 19 10:53:06 monitor227 kernel: [    0.292385] pci 0000:00:1c.4:   bridge window [io  0xd000-0xdfff]
Mar 19 10:53:06 monitor227 kernel: [    0.292440] pci 0000:00:1c.4:   bridge window [mem 0xf0600000-0xf09fffff]
Mar 19 10:53:06 monitor227 kernel: [    0.292497] pci 0000:00:1c.4:   bridge window [mem 0xf6f00000-0xf6ffffff 64bit pref]
Mar 19 10:53:06 monitor227 kernel: [    0.292576] pci 0000:00:1e.0: PCI bridge to [bus 04]
Mar 19 10:53:06 monitor227 kernel: [    0.292636] pci 0000:00:1c.0: enabling device (0104 -> 0107)
Mar 19 10:53:06 monitor227 kernel: [    0.292710] pci 0000:00:1e.0: setting latency timer to 64
Mar 19 10:53:06 monitor227 kernel: [    0.292713] pci_bus 0000:00: resource 4 [io  0x0000-0x0cf7]
Mar 19 10:53:06 monitor227 kernel: [    0.292714] pci_bus 0000:00: resource 5 [io  0x0d00-0xffff]
Mar 19 10:53:06 monitor227 kernel: [    0.292716] pci_bus 0000:00: resource 6 [mem 0x000a0000-0x000bffff]
Mar 19 10:53:06 monitor227 kernel: [    0.292717] pci_bus 0000:00: resource 7 [mem 0x000d0000-0x000dffff]
Mar 19 10:53:06 monitor227 kernel: [    0.292719] pci_bus 0000:00: resource 8 [mem 0xe0000000-0xf7ffffff]
Mar 19 10:53:06 monitor227 kernel: [    0.292720] pci_bus 0000:00: resource 9 [mem 0xfc000000-0xfed8ffff]
Mar 19 10:53:06 monitor227 kernel: [    0.292722] pci_bus 0000:03: resource 0 [io  0x1000-0x1fff]
Mar 19 10:53:06 monitor227 kernel: [    0.292723] pci_bus 0000:03: resource 1 [mem 0xf0000000-0xf01fffff]
Mar 19 10:53:06 monitor227 kernel: [    0.292724] pci_bus 0000:03: resource 2 [mem 0xf0200000-0xf03fffff 64bit pref]
Mar 19 10:53:06 monitor227 kernel: [    0.292726] pci_bus 0000:02: resource 0 [io  0xe000-0xefff]
Mar 19 10:53:06 monitor227 kernel: [    0.292727] pci_bus 0000:02: resource 1 [mem 0xf7f00000-0xf7ffffff]
Mar 19 10:53:06 monitor227 kernel: [    0.292729] pci_bus 0000:02: resource 2 [mem 0xf0400000-0xf05fffff 64bit pref]
Mar 19 10:53:06 monitor227 kernel: [    0.292730] pci_bus 0000:01: resource 0 [io  0xd000-0xdfff]
Mar 19 10:53:06 monitor227 kernel: [    0.292732] pci_bus 0000:01: resource 1 [mem 0xf0600000-0xf09fffff]
Mar 19 10:53:06 monitor227 kernel: [    0.292733] pci_bus 0000:01: resource 2 [mem 0xf6f00000-0xf6ffffff 64bit pref]
Mar 19 10:53:06 monitor227 kernel: [    0.292735] pci_bus 0000:04: resource 4 [io  0x0000-0x0cf7]
Mar 19 10:53:06 monitor227 kernel: [    0.292736] pci_bus 0000:04: resource 5 [io  0x0d00-0xffff]
Mar 19 10:53:06 monitor227 kernel: [    0.292737] pci_bus 0000:04: resource 6 [mem 0x000a0000-0x000bffff]
Mar 19 10:53:06 monitor227 kernel: [    0.292739] pci_bus 0000:04: resource 7 [mem 0x000d0000-0x000dffff]
Mar 19 10:53:06 monitor227 kernel: [    0.292740] pci_bus 0000:04: resource 8 [mem 0xe0000000-0xf7ffffff]
Mar 19 10:53:06 monitor227 kernel: [    0.292742] pci_bus 0000:04: resource 9 [mem 0xfc000000-0xfed8ffff]
Mar 19 10:53:06 monitor227 kernel: [    0.292743] pci_bus 0000:3f: resource 4 [io  0x0000-0xffff]
Mar 19 10:53:06 monitor227 kernel: [    0.292745] pci_bus 0000:3f: resource 5 [mem 0x00000000-0xfffffffff]
Mar 19 10:53:06 monitor227 kernel: [    0.292777] NET: Registered protocol family 2
Mar 19 10:53:06 monitor227 kernel: [    0.292964] TCP established hash table entries: 32768 (order: 7, 524288 bytes)
Mar 19 10:53:06 monitor227 kernel: [    0.293151] TCP bind hash table entries: 32768 (order: 7, 524288 bytes)
Mar 19 10:53:06 monitor227 kernel: [    0.293293] TCP: Hash tables configured (established 32768 bind 32768)
Mar 19 10:53:06 monitor227 kernel: [    0.293370] TCP: reno registered
Mar 19 10:53:06 monitor227 kernel: [    0.293423] UDP hash table entries: 2048 (order: 4, 65536 bytes)
Mar 19 10:53:06 monitor227 kernel: [    0.293490] UDP-Lite hash table entries: 2048 (order: 4, 65536 bytes)
Mar 19 10:53:06 monitor227 kernel: [    0.293606] NET: Registered protocol family 1
Mar 19 10:53:06 monitor227 kernel: [    0.293661] pci 0000:00:02.0: Boot video device
Mar 19 10:53:06 monitor227 kernel: [    0.293737] PCI: CLS 32 bytes, default 64
Mar 19 10:53:06 monitor227 kernel: [    0.293769] Trying to unpack rootfs image as initramfs...
Mar 19 10:53:06 monitor227 kernel: [    0.513642] Freeing initrd memory: 16196k freed
Mar 19 10:53:06 monitor227 kernel: [    0.516582] PCI-DMA: Using software bounce buffering for IO (SWIOTLB)
Mar 19 10:53:06 monitor227 kernel: [    0.516642] software IO TLB [mem 0xd8f5e000-0xdcf5e000] (64MB) mapped at [ffff8800d8f5e000-ffff8800dcf5dfff]
Mar 19 10:53:06 monitor227 kernel: [    0.517086] Initialise module verification
Mar 19 10:53:06 monitor227 kernel: [    0.517175] audit: initializing netlink socket (disabled)
Mar 19 10:53:06 monitor227 kernel: [    0.517235] type=2000 audit(1395197577.396:1): initialized
Mar 19 10:53:06 monitor227 kernel: [    0.539789] HugeTLB registered 2 MB page size, pre-allocated 0 pages
Mar 19 10:53:06 monitor227 kernel: [    0.540924] VFS: Disk quotas dquot_6.5.2
Mar 19 10:53:06 monitor227 kernel: [    0.541007] Dquot-cache hash table entries: 512 (order 0, 4096 bytes)
Mar 19 10:53:06 monitor227 kernel: [    0.541418] fuse init (API version 7.20)
Mar 19 10:53:06 monitor227 kernel: [    0.541519] msgmni has been set to 7550
Mar 19 10:53:06 monitor227 kernel: [    0.541888] Key type asymmetric registered
Mar 19 10:53:06 monitor227 kernel: [    0.541938] Asymmetric key parser 'x509' registered
Mar 19 10:53:06 monitor227 kernel: [    0.542013] Block layer SCSI generic (bsg) driver version 0.4 loaded (major 252)
Mar 19 10:53:06 monitor227 kernel: [    0.542109] io scheduler noop registered
Mar 19 10:53:06 monitor227 kernel: [    0.542168] io scheduler deadline registered (default)
Mar 19 10:53:06 monitor227 kernel: [    0.542227] io scheduler cfq registered
Mar 19 10:53:06 monitor227 kernel: [    0.542434] pci_hotplug: PCI Hot Plug PCI Core version: 0.5
Mar 19 10:53:06 monitor227 kernel: [    0.542494] pciehp: PCI Express Hot Plug Controller Driver version: 0.4
Mar 19 10:53:06 monitor227 kernel: [    0.542579] intel_idle: MWAIT substates: 0x1120
Mar 19 10:53:06 monitor227 kernel: [    0.542580] intel_idle: v0.4 model 0x25
Mar 19 10:53:06 monitor227 kernel: [    0.542581] intel_idle: lapic_timer_reliable_states 0xffffffff
Mar 19 10:53:06 monitor227 kernel: [    0.542660] input: Power Button as /devices/LNXSYSTM:00/LNXSYBUS:00/PNP0C0C:00/input/input0
Mar 19 10:53:06 monitor227 kernel: [    0.542741] ACPI: Power Button [PWRB]
Mar 19 10:53:06 monitor227 kernel: [    0.542816] input: Power Button as /devices/LNXSYSTM:00/LNXPWRBN:00/input/input1
Mar 19 10:53:06 monitor227 kernel: [    0.542892] ACPI: Power Button [PWRF]
Mar 19 10:53:06 monitor227 kernel: [    0.543010] ACPI: Requesting acpi_cpufreq
Mar 19 10:53:06 monitor227 kernel: [    0.545727] GHES: HEST is not enabled!
Mar 19 10:53:06 monitor227 kernel: [    0.545829] Serial: 8250/16550 driver, 32 ports, IRQ sharing enabled
Mar 19 10:53:06 monitor227 kernel: [    0.566230] 00:08: ttyS0 at I/O 0x3f8 (irq = 4) is a 16550A
Mar 19 10:53:06 monitor227 kernel: [    0.567193] Linux agpgart interface v0.103
Mar 19 10:53:06 monitor227 kernel: [    0.567288] agpgart-intel 0000:00:00.0: Intel HD Graphics Chipset
Mar 19 10:53:06 monitor227 kernel: [    0.567389] agpgart-intel 0000:00:00.0: detected gtt size: 2097152K total, 262144K mappable
Mar 19 10:53:06 monitor227 kernel: [    0.568130] agpgart-intel 0000:00:00.0: detected 32768K stolen memory
Mar 19 10:53:06 monitor227 kernel: [    0.568321] agpgart-intel 0000:00:00.0: AGP aperture is 256M @ 0xe0000000
Mar 19 10:53:06 monitor227 kernel: [    0.569277] brd: module loaded
Mar 19 10:53:06 monitor227 kernel: [    0.569773] loop: module loaded
Mar 19 10:53:06 monitor227 kernel: [    0.569903] ata_piix 0000:00:1f.2: version 2.13
Mar 19 10:53:06 monitor227 kernel: [    0.569923] ata_piix 0000:00:1f.2: MAP [
Mar 19 10:53:06 monitor227 kernel: [    0.569970]  P0 P2 P1 P3 ]
Mar 19 10:53:06 monitor227 kernel: [    0.570125] ata_piix 0000:00:1f.2: setting latency timer to 64
Mar 19 10:53:06 monitor227 kernel: [    0.570288] scsi0 : ata_piix
Mar 19 10:53:06 monitor227 kernel: [    0.570653] scsi1 : ata_piix
Mar 19 10:53:06 monitor227 kernel: [    0.570962] ata1: SATA max UDMA/133 cmd 0xb880 ctl 0xb800 bmdma 0xb080 irq 21
Mar 19 10:53:06 monitor227 kernel: [    0.571021] ata2: SATA max UDMA/133 cmd 0xb480 ctl 0xb400 bmdma 0xb088 irq 21
Mar 19 10:53:06 monitor227 kernel: [    0.571089] ata_piix 0000:00:1f.5: MAP [
Mar 19 10:53:06 monitor227 kernel: [    0.571143]  P0 -- P1 -- ]
Mar 19 10:53:06 monitor227 kernel: [    0.571274] ata_piix 0000:00:1f.5: setting latency timer to 64
Mar 19 10:53:06 monitor227 kernel: [    0.571372] scsi2 : ata_piix
Mar 19 10:53:06 monitor227 kernel: [    0.572210] scsi3 : ata_piix
Mar 19 10:53:06 monitor227 kernel: [    0.572560] ata3: SATA max UDMA/133 cmd 0xc880 ctl 0xc800 bmdma 0xc080 irq 21
Mar 19 10:53:06 monitor227 kernel: [    0.572617] ata4: SATA max UDMA/133 cmd 0xc480 ctl 0xc400 bmdma 0xc088 irq 21
Mar 19 10:53:06 monitor227 kernel: [    0.572859] libphy: Fixed MDIO Bus: probed
Mar 19 10:53:06 monitor227 kernel: [    0.572944] tun: Universal TUN/TAP device driver, 1.6
Mar 19 10:53:06 monitor227 kernel: [    0.572994] tun: (C) 1999-2004 Max Krasnyansky <maxk@qualcomm.com>
Mar 19 10:53:06 monitor227 kernel: [    0.573077] PPP generic driver version 2.4.2
Mar 19 10:53:06 monitor227 kernel: [    0.573157] ehci_hcd: USB 2.0 'Enhanced' Host Controller (EHCI) Driver
Mar 19 10:53:06 monitor227 kernel: [    0.573211] ehci-pci: EHCI PCI platform driver
Mar 19 10:53:06 monitor227 kernel: [    0.573281] ehci-pci 0000:00:1a.0: setting latency timer to 64
Mar 19 10:53:06 monitor227 kernel: [    0.573284] ehci-pci 0000:00:1a.0: EHCI Host Controller
Mar 19 10:53:06 monitor227 kernel: [    0.573338] ehci-pci 0000:00:1a.0: new USB bus registered, assigned bus number 1
Mar 19 10:53:06 monitor227 kernel: [    0.573425] ehci-pci 0000:00:1a.0: debug port 2
Mar 19 10:53:06 monitor227 kernel: [    0.577384] ehci-pci 0000:00:1a.0: cache line size of 32 is not supported
Mar 19 10:53:06 monitor227 kernel: [    0.577399] ehci-pci 0000:00:1a.0: irq 16, io mem 0xf7ef6000
Mar 19 10:53:06 monitor227 kernel: [    0.586070] ehci-pci 0000:00:1a.0: USB 2.0 started, EHCI 1.00
Mar 19 10:53:06 monitor227 kernel: [    0.586155] usb usb1: New USB device found, idVendor=1d6b, idProduct=0002
Mar 19 10:53:06 monitor227 kernel: [    0.586216] usb usb1: New USB device strings: Mfr=3, Product=2, SerialNumber=1
Mar 19 10:53:06 monitor227 kernel: [    0.586292] usb usb1: Product: EHCI Host Controller
Mar 19 10:53:06 monitor227 kernel: [    0.586341] usb usb1: Manufacturer: Linux 3.8.0-29-generic ehci_hcd
Mar 19 10:53:06 monitor227 kernel: [    0.586394] usb usb1: SerialNumber: 0000:00:1a.0
Mar 19 10:53:06 monitor227 kernel: [    0.586518] hub 1-0:1.0: USB hub found
Mar 19 10:53:06 monitor227 kernel: [    0.586568] hub 1-0:1.0: 2 ports detected
Mar 19 10:53:06 monitor227 kernel: [    0.586689] ehci-pci 0000:00:1d.0: setting latency timer to 64
Mar 19 10:53:06 monitor227 kernel: [    0.586691] ehci-pci 0000:00:1d.0: EHCI Host Controller
Mar 19 10:53:06 monitor227 kernel: [    0.586744] ehci-pci 0000:00:1d.0: new USB bus registered, assigned bus number 2
Mar 19 10:53:06 monitor227 kernel: [    0.586827] ehci-pci 0000:00:1d.0: debug port 2
Mar 19 10:53:06 monitor227 kernel: [    0.590775] ehci-pci 0000:00:1d.0: cache line size of 32 is not supported
Mar 19 10:53:06 monitor227 kernel: [    0.590787] ehci-pci 0000:00:1d.0: irq 23, io mem 0xf7ef5000
Mar 19 10:53:06 monitor227 kernel: [    0.602036] ehci-pci 0000:00:1d.0: USB 2.0 started, EHCI 1.00
Mar 19 10:53:06 monitor227 kernel: [    0.602113] usb usb2: New USB device found, idVendor=1d6b, idProduct=0002
Mar 19 10:53:06 monitor227 kernel: [    0.602174] usb usb2: New USB device strings: Mfr=3, Product=2, SerialNumber=1
Mar 19 10:53:06 monitor227 kernel: [    0.602249] usb usb2: Product: EHCI Host Controller
Mar 19 10:53:06 monitor227 kernel: [    0.602299] usb usb2: Manufacturer: Linux 3.8.0-29-generic ehci_hcd
Mar 19 10:53:06 monitor227 kernel: [    0.602352] usb usb2: SerialNumber: 0000:00:1d.0
Mar 19 10:53:06 monitor227 kernel: [    0.602458] hub 2-0:1.0: USB hub found
Mar 19 10:53:06 monitor227 kernel: [    0.602506] hub 2-0:1.0: 2 ports detected
Mar 19 10:53:06 monitor227 kernel: [    0.602606] ehci-platform: EHCI generic platform driver
Mar 19 10:53:06 monitor227 kernel: [    0.602660] ohci_hcd: USB 1.1 'Open' Host Controller (OHCI) Driver
Mar 19 10:53:06 monitor227 kernel: [    0.602721] uhci_hcd: USB Universal Host Controller Interface driver
Mar 19 10:53:06 monitor227 kernel: [    0.602818] i8042: PNP: PS/2 Controller [PNP0303:PS2K] at 0x60,0x64 irq 1
Mar 19 10:53:06 monitor227 kernel: [    0.602871] i8042: PNP: PS/2 appears to have AUX port disabled, if this is incorrect please boot with i8042.nopnp
Mar 19 10:53:06 monitor227 kernel: [    0.603422] serio: i8042 KBD port at 0x60,0x64 irq 1
Mar 19 10:53:06 monitor227 kernel: [    0.603539] mousedev: PS/2 mouse device common for all mice
Mar 19 10:53:06 monitor227 kernel: [    0.603668] rtc_cmos 00:02: RTC can wake from S4
Mar 19 10:53:06 monitor227 kernel: [    0.603813] rtc_cmos 00:02: rtc core: registered rtc_cmos as rtc0
Mar 19 10:53:06 monitor227 kernel: [    0.603888] rtc0: alarms up to one month, y3k, 114 bytes nvram, hpet irqs
Mar 19 10:53:06 monitor227 kernel: [    0.604003] device-mapper: uevent: version 1.0.3
Mar 19 10:53:06 monitor227 kernel: [    0.604091] device-mapper: ioctl: 4.23.1-ioctl (2012-12-18) initialised: dm-devel@redhat.com
Mar 19 10:53:06 monitor227 kernel: [    0.604217] cpuidle: using governor ladder
Mar 19 10:53:06 monitor227 kernel: [    0.604318] cpuidle: using governor menu
Mar 19 10:53:06 monitor227 kernel: [    0.604370] ledtrig-cpu: registered to indicate activity on CPUs
Mar 19 10:53:06 monitor227 kernel: [    0.604424] EFI Variables Facility v0.08 2004-May-17
Mar 19 10:53:06 monitor227 kernel: [    0.604596] ashmem: initialized
Mar 19 10:53:06 monitor227 kernel: [    0.604731] TCP: cubic registered
Mar 19 10:53:06 monitor227 kernel: [    0.604846] NET: Registered protocol family 10
Mar 19 10:53:06 monitor227 kernel: [    0.605037] NET: Registered protocol family 17
Mar 19 10:53:06 monitor227 kernel: [    0.605093] Key type dns_resolver registered
Mar 19 10:53:06 monitor227 kernel: [    0.605300] Loading module verification certificates
Mar 19 10:53:06 monitor227 kernel: [    0.606089] MODSIGN: Loaded cert 'Magrathea: Glacier signing key: 38550890b1fce75cc801d8fb942703db919b9386'
Mar 19 10:53:06 monitor227 kernel: [    0.606181] registered taskstats version 1
Mar 19 10:53:06 monitor227 kernel: [    0.607862] Key type trusted registered
Mar 19 10:53:06 monitor227 kernel: [    0.609059] Key type encrypted registered
Mar 19 10:53:06 monitor227 kernel: [    0.610676] rtc_cmos 00:02: setting system clock to 2014-03-19 02:52:57 UTC (1395197577)
Mar 19 10:53:06 monitor227 kernel: [    0.611763] BIOS EDD facility v0.16 2004-Jun-25, 0 devices found
Mar 19 10:53:06 monitor227 kernel: [    0.611815] EDD information not available.
Mar 19 10:53:06 monitor227 kernel: [    0.623219] input: AT Translated Set 2 keyboard as /devices/platform/i8042/serio0/input/input2
Mar 19 10:53:06 monitor227 kernel: [    0.897376] usb 1-1: new high-speed USB device number 2 using ehci-pci
Mar 19 10:53:06 monitor227 kernel: [    0.900054] ata3: SATA link down (SStatus 0 SControl 300)
Mar 19 10:53:06 monitor227 kernel: [    1.029676] usb 1-1: New USB device found, idVendor=8087, idProduct=0020
Mar 19 10:53:06 monitor227 kernel: [    1.029738] usb 1-1: New USB device strings: Mfr=0, Product=0, SerialNumber=0
Mar 19 10:53:06 monitor227 kernel: [    1.030225] hub 1-1:1.0: USB hub found
Mar 19 10:53:06 monitor227 kernel: [    1.030418] hub 1-1:1.0: 6 ports detected
Mar 19 10:53:06 monitor227 kernel: [    1.053127] ata4: SATA link up 3.0 Gbps (SStatus 123 SControl 300)
Mar 19 10:53:06 monitor227 kernel: [    1.061482] ata4.00: ATA-8: WDC WD20EARS-00MVWB0, 51.0AB51, max UDMA/133
Mar 19 10:53:06 monitor227 kernel: [    1.061546] ata4.00: 3907029168 sectors, multi 16: LBA48 NCQ (depth 0/32)
Mar 19 10:53:06 monitor227 kernel: [    1.069488] ata4.00: configured for UDMA/133
Mar 19 10:53:06 monitor227 kernel: [    1.140890] usb 2-1: new high-speed USB device number 2 using ehci-pci
Mar 19 10:53:06 monitor227 kernel: [    1.219368] ata2.00: SATA link down (SStatus 0 SControl 300)
Mar 19 10:53:06 monitor227 kernel: [    1.219429] ata2.01: SATA link down (SStatus 0 SControl 300)
Mar 19 10:53:06 monitor227 kernel: [    1.230158] ata1.00: SATA link down (SStatus 0 SControl 300)
Mar 19 10:53:06 monitor227 kernel: [    1.230220] ata1.01: SATA link down (SStatus 0 SControl 300)
Mar 19 10:53:06 monitor227 kernel: [    1.230535] scsi 3:0:0:0: Direct-Access     ATA      WDC WD20EARS-00M 51.0 PQ: 0 ANSI: 5
Mar 19 10:53:06 monitor227 kernel: [    1.230714] sd 3:0:0:0: Attached scsi generic sg0 type 0
Mar 19 10:53:06 monitor227 kernel: [    1.230828] sd 3:0:0:0: [sda] 3907029168 512-byte logical blocks: (2.00 TB/1.81 TiB)
Mar 19 10:53:06 monitor227 kernel: [    1.230991] sd 3:0:0:0: [sda] Write Protect is off
Mar 19 10:53:06 monitor227 kernel: [    1.231042] sd 3:0:0:0: [sda] Mode Sense: 00 3a 00 00
Mar 19 10:53:06 monitor227 kernel: [    1.231117] sd 3:0:0:0: [sda] Write cache: enabled, read cache: enabled, doesn't support DPO or FUA
Mar 19 10:53:06 monitor227 kernel: [    1.248962]  sda: sda1 sda2 < sda5 >
Mar 19 10:53:06 monitor227 kernel: [    1.250491] sd 3:0:0:0: [sda] Attached SCSI disk
Mar 19 10:53:06 monitor227 kernel: [    1.251963] Freeing unused kernel memory: 1012k freed
Mar 19 10:53:06 monitor227 kernel: [    1.252152] Write protecting the kernel read-only data: 12288k
Mar 19 10:53:06 monitor227 kernel: [    1.254914] Freeing unused kernel memory: 1012k freed
Mar 19 10:53:06 monitor227 kernel: [    1.257468] Freeing unused kernel memory: 1008k freed
Mar 19 10:53:06 monitor227 kernel: [    1.272923] usb 2-1: New USB device found, idVendor=8087, idProduct=0020
Mar 19 10:53:06 monitor227 kernel: [    1.272975] usb 2-1: New USB device strings: Mfr=0, Product=0, SerialNumber=0
Mar 19 10:53:06 monitor227 kernel: [    1.273224] hub 2-1:1.0: USB hub found
Mar 19 10:53:06 monitor227 kernel: [    1.273423] hub 2-1:1.0: 6 ports detected
Mar 19 10:53:06 monitor227 kernel: [    1.296467] Disabling lock debugging due to kernel taint
Mar 19 10:53:06 monitor227 kernel: [    1.296854] r8169 Gigabit Ethernet driver 2.3LK-NAPI loaded
Mar 19 10:53:06 monitor227 kernel: [    1.297087] r8169 0000:01:00.0: irq 40 for MSI/MSI-X
Mar 19 10:53:06 monitor227 kernel: [    1.297222] r8169 0000:01:00.0 eth0: RTL8168e/8111e at 0xffffc90000652000, 20:cf:30:95:e3:c7, XID 0c100000 IRQ 40
Mar 19 10:53:06 monitor227 kernel: [    1.297298] r8169 0000:01:00.0 eth0: jumbo features [frames: 9200 bytes, tx checksumming: ko]
Mar 19 10:53:06 monitor227 kernel: [    1.298916] pata_via 0000:02:00.0: version 0.3.4
Mar 19 10:53:06 monitor227 kernel: [    1.299218] scsi4 : pata_via
Mar 19 10:53:06 monitor227 kernel: [    1.299387] scsi5 : pata_via
Mar 19 10:53:06 monitor227 kernel: [    1.299480] ata5: PATA max UDMA/133 cmd 0xec00 ctl 0xe880 bmdma 0xe400 irq 17
Mar 19 10:53:06 monitor227 kernel: [    1.299534] ata6: PATA max UDMA/133 cmd 0xe800 ctl 0xe480 bmdma 0xe408 irq 17
Mar 19 10:53:06 monitor227 kernel: [    1.460679] ata5.00: ATAPI: TSSTcorp CDDVDW TS-H662A, CM01, max UDMA/66
Mar 19 10:53:06 monitor227 kernel: [    1.476628] ata5.00: configured for UDMA/66
Mar 19 10:53:06 monitor227 kernel: [    1.478234] scsi 4:0:0:0: CD-ROM            TSSTcorp CDDVDW TS-H662A  CM01 PQ: 0 ANSI: 5
Mar 19 10:53:06 monitor227 kernel: [    1.481142] sr0: scsi3-mmc drive: 48x/48x writer dvd-ram cd/rw xa/form2 cdda tray
Mar 19 10:53:06 monitor227 kernel: [    1.481226] cdrom: Uniform CD-ROM driver Revision: 3.20
Mar 19 10:53:06 monitor227 kernel: [    1.481455] sr 4:0:0:0: Attached scsi CD-ROM sr0
Mar 19 10:53:06 monitor227 kernel: [    1.481526] sr 4:0:0:0: Attached scsi generic sg1 type 5
Mar 19 10:53:06 monitor227 kernel: [    1.512045] tsc: Refined TSC clocksource calibration: 3077.388 MHz
Mar 19 10:53:06 monitor227 kernel: [    1.512111] Switching to clocksource tsc
Mar 19 10:53:06 monitor227 kernel: [    1.535512] bio: create slab <bio-1> at 1
Mar 19 10:53:06 monitor227 kernel: [    1.853697] EXT4-fs (dm-0): mounted filesystem with ordered data mode. Opts: (null)
Mar 19 10:53:06 monitor227 kernel: [    3.930264] Adding 4009980k swap on /dev/mapper/monitor227--vg-swap_1.  Priority:-1 extents:1 across:4009980k 
Mar 19 10:53:06 monitor227 kernel: [    5.201700] EXT4-fs (dm-0): re-mounted. Opts: errors=remount-ro
Mar 19 10:53:06 monitor227 kernel: [    6.345842] IPv6: ADDRCONF(NETDEV_UP): eth0: link is not ready
Mar 19 10:53:06 monitor227 kernel: [    8.103057] lp: driver loaded but no devices found
Mar 19 10:53:06 monitor227 kernel: [    9.097082] ppdev: user-space parallel port driver
Mar 19 10:53:06 monitor227 kernel: [    9.138808] parport_pc 00:0b: reported by Plug and Play ACPI
Mar 19 10:53:06 monitor227 kernel: [    9.138852] parport0: PC-style at 0x378, irq 7 [PCSPP]
Mar 19 10:53:06 monitor227 kernel: [    9.235013] lp0: using parport0 (interrupt-driven).
Mar 19 10:53:06 monitor227 kernel: [    9.981591] ACPI Warning: 0x0000000000000828-0x000000000000082f SystemIO conflicts with Region \PMRG 1 (20121018/utaddress-251)
Mar 19 10:53:06 monitor227 kernel: [    9.981599] ACPI: If an ACPI driver is available for this device, you should use it instead of the native driver
Mar 19 10:53:06 monitor227 kernel: [    9.981603] ACPI Warning: 0x0000000000000540-0x000000000000054f SystemIO conflicts with Region \_SB_.PCI0.SBRG.ASOC.GPS1 1 (20121018/utaddress-251)
Mar 19 10:53:06 monitor227 kernel: [    9.981606] ACPI: If an ACPI driver is available for this device, you should use it instead of the native driver
Mar 19 10:53:06 monitor227 kernel: [    9.981607] ACPI Warning: 0x0000000000000530-0x000000000000053f SystemIO conflicts with Region \GPS0 1 (20121018/utaddress-251)
Mar 19 10:53:06 monitor227 kernel: [    9.981610] ACPI Warning: 0x0000000000000530-0x000000000000053f SystemIO conflicts with Region \_SB_.PCI0.SBRG.ASOC.GPS1 2 (20121018/utaddress-251)
Mar 19 10:53:06 monitor227 kernel: [    9.981612] ACPI: If an ACPI driver is available for this device, you should use it instead of the native driver
Mar 19 10:53:06 monitor227 kernel: [    9.981613] ACPI Warning: 0x0000000000000500-0x000000000000052f SystemIO conflicts with Region \GPS0 1 (20121018/utaddress-251)
Mar 19 10:53:06 monitor227 kernel: [    9.981615] ACPI Warning: 0x0000000000000500-0x000000000000052f SystemIO conflicts with Region \_SB_.PCI0.SBRG.ASOC.GPS1 2 (20121018/utaddress-251)
Mar 19 10:53:06 monitor227 kernel: [    9.981618] ACPI: If an ACPI driver is available for this device, you should use it instead of the native driver
Mar 19 10:53:06 monitor227 kernel: [    9.981618] lpc_ich: Resource conflict(s) found affecting gpio_ich
Mar 19 10:53:06 monitor227 kernel: [   10.003046] microcode: CPU0 sig=0x20655, pf=0x2, revision=0x2
Mar 19 10:53:06 monitor227 kernel: [   10.078999] mei 0000:00:16.0: setting latency timer to 64
Mar 19 10:53:06 monitor227 kernel: [   10.079057] mei 0000:00:16.0: irq 41 for MSI/MSI-X
Mar 19 10:53:07 monitor227 kernel: [   10.389137] microcode: CPU1 sig=0x20655, pf=0x2, revision=0x2
Mar 19 10:53:07 monitor227 kernel: [   10.390105] microcode: CPU2 sig=0x20655, pf=0x2, revision=0x2
Mar 19 10:53:07 monitor227 kernel: [   10.391005] microcode: CPU3 sig=0x20655, pf=0x2, revision=0x2
Mar 19 10:53:07 monitor227 kernel: [   10.391930] microcode: Microcode Update Driver: v2.00 <tigran@aivazian.fsnet.co.uk>, Peter Oruba
Mar 19 10:53:07 monitor227 kernel: [   10.899665] [drm] Initialized drm 1.1.0 20060810
Mar 19 10:53:07 monitor227 kernel: [   11.031419] kvm: VM_EXIT_LOAD_IA32_PERF_GLOBAL_CTRL does not work properly. Using workaround
Mar 19 10:53:08 monitor227 kernel: [   11.227966] type=1400 audit(1395197588.139:2): apparmor="STATUS" operation="profile_load" name="/sbin/dhclient" pid=723 comm="apparmor_parser"
Mar 19 10:53:08 monitor227 kernel: [   11.227986] type=1400 audit(1395197588.139:3): apparmor="STATUS" operation="profile_replace" name="/sbin/dhclient" pid=722 comm="apparmor_parser"
Mar 19 10:53:08 monitor227 kernel: [   11.228247] type=1400 audit(1395197588.139:4): apparmor="STATUS" operation="profile_load" name="/usr/lib/NetworkManager/nm-dhcp-client.action" pid=723 comm="apparmor_parser"
Mar 19 10:53:08 monitor227 kernel: [   11.228391] type=1400 audit(1395197588.139:5): apparmor="STATUS" operation="profile_replace" name="/usr/lib/NetworkManager/nm-dhcp-client.action" pid=722 comm="apparmor_parser"
Mar 19 10:53:08 monitor227 kernel: [   11.228401] type=1400 audit(1395197588.139:6): apparmor="STATUS" operation="profile_load" name="/usr/lib/connman/scripts/dhclient-script" pid=723 comm="apparmor_parser"
Mar 19 10:53:08 monitor227 kernel: [   11.228625] type=1400 audit(1395197588.139:7): apparmor="STATUS" operation="profile_replace" name="/usr/lib/connman/scripts/dhclient-script" pid=722 comm="apparmor_parser"
Mar 19 10:53:08 monitor227 kernel: [   11.283120] snd_hda_intel 0000:00:1b.0: irq 42 for MSI/MSI-X
Mar 19 10:53:08 monitor227 kernel: [   11.297183] type=1400 audit(1395197588.207:8): apparmor="STATUS" operation="profile_load" name="/usr/lib/cups/backend/cups-pdf" pid=502 comm="apparmor_parser"
Mar 19 10:53:08 monitor227 kernel: [   11.297516] type=1400 audit(1395197588.207:9): apparmor="STATUS" operation="profile_load" name="/usr/sbin/cupsd" pid=502 comm="apparmor_parser"
Mar 19 10:53:08 monitor227 kernel: [   11.387171] input: HDA Intel MID HDMI/DP,pcm=3 as /devices/pci0000:00/0000:00:1b.0/sound/card0/input3
Mar 19 10:53:08 monitor227 kernel: [   11.387251] input: HDA Intel MID Line as /devices/pci0000:00/0000:00:1b.0/sound/card0/input4
Mar 19 10:53:08 monitor227 kernel: [   11.387332] input: HDA Intel MID Rear Mic as /devices/pci0000:00/0000:00:1b.0/sound/card0/input5
Mar 19 10:53:08 monitor227 kernel: [   11.387399] input: HDA Intel MID Front Mic as /devices/pci0000:00/0000:00:1b.0/sound/card0/input6
Mar 19 10:53:08 monitor227 kernel: [   11.387466] input: HDA Intel MID Front Headphone as /devices/pci0000:00/0000:00:1b.0/sound/card0/input7
Mar 19 10:53:08 monitor227 kernel: [   11.387531] input: HDA Intel MID Line Out as /devices/pci0000:00/0000:00:1b.0/sound/card0/input8
Mar 19 10:53:08 monitor227 kernel: [   11.388179] i915 0000:00:02.0: setting latency timer to 64
Mar 19 10:53:08 monitor227 kernel: [   11.408154] i915 0000:00:02.0: irq 43 for MSI/MSI-X
Mar 19 10:53:08 monitor227 kernel: [   11.408163] [drm] Supports vblank timestamp caching Rev 1 (10.10.2010).
Mar 19 10:53:08 monitor227 kernel: [   11.408164] [drm] Driver supports precise vblank timestamp query.
Mar 19 10:53:08 monitor227 kernel: [   11.408200] vgaarb: device changed decodes: PCI:0000:00:02.0,olddecodes=io+mem,decodes=io+mem:owns=io+mem
Mar 19 10:53:08 monitor227 kernel: [   11.517859] fbcon: inteldrmfb (fb0) is primary device
Mar 19 10:53:08 monitor227 kernel: [   11.734568] Console: switching to colour frame buffer device 128x48
Mar 19 10:53:08 monitor227 kernel: [   11.736385] i915 0000:00:02.0: fb0: inteldrmfb frame buffer device
Mar 19 10:53:08 monitor227 kernel: [   11.736387] i915 0000:00:02.0: registered panic notifier
Mar 19 10:53:08 monitor227 kernel: [   11.736465] [drm] Initialized i915 1.6.0 20080730 for 0000:00:02.0 on minor 0
Mar 19 10:53:09 monitor227 kernel: [   12.167573] r8169 0000:01:00.0 eth0: link down
Mar 19 10:53:09 monitor227 kernel: [   12.167581] r8169 0000:01:00.0 eth0: link down
Mar 19 10:53:09 monitor227 kernel: [   12.167649] IPv6: ADDRCONF(NETDEV_UP): eth0: link is not ready
Mar 19 10:53:10 monitor227 kernel: [   13.676580] r8169 0000:01:00.0 eth0: link up
Mar 19 10:53:10 monitor227 kernel: [   13.676596] IPv6: ADDRCONF(NETDEV_CHANGE): eth0: link becomes ready
Mar 19 10:53:14 monitor227 kernel: [   17.073424] type=1400 audit(1395197593.995:10): apparmor="DENIED" operation="capable" parent=1 profile="/usr/sbin/cupsd" pid=735 comm="cupsd" pid=735 comm="cupsd" capability=36  capname="block_suspend"
Mar 19 10:53:14 monitor227 kernel: [   17.111039] type=1400 audit(1395197594.031:11): apparmor="STATUS" operation="profile_replace" name="/sbin/dhclient" pid=960 comm="apparmor_parser"
Mar 19 10:53:14 monitor227 kernel: [   17.111427] type=1400 audit(1395197594.031:12): apparmor="STATUS" operation="profile_replace" name="/usr/lib/NetworkManager/nm-dhcp-client.action" pid=960 comm="apparmor_parser"
Mar 19 10:53:14 monitor227 kernel: [   17.111652] type=1400 audit(1395197594.031:13): apparmor="STATUS" operation="profile_replace" name="/usr/lib/connman/scripts/dhclient-script" pid=960 comm="apparmor_parser"
Mar 19 10:53:14 monitor227 kernel: [   17.112367] type=1400 audit(1395197594.031:14): apparmor="STATUS" operation="profile_replace" name="/usr/lib/cups/backend/cups-pdf" pid=962 comm="apparmor_parser"
Mar 19 10:53:14 monitor227 kernel: [   17.112711] type=1400 audit(1395197594.031:15): apparmor="STATUS" operation="profile_replace" name="/usr/sbin/cupsd" pid=962 comm="apparmor_parser"
Mar 19 10:53:14 monitor227 kernel: [   17.176318] type=1400 audit(1395197594.099:16): apparmor="STATUS" operation="profile_load" name="/usr/sbin/libvirtd" pid=963 comm="apparmor_parser"
Mar 19 10:53:14 monitor227 kernel: [   17.223744] type=1400 audit(1395197594.147:17): apparmor="STATUS" operation="profile_load" name="/usr/sbin/named" pid=965 comm="apparmor_parser"
Mar 19 10:53:14 monitor227 kernel: [   17.223972] type=1400 audit(1395197594.147:18): apparmor="STATUS" operation="profile_load" name="/usr/lib/libvirt/virt-aa-helper" pid=961 comm="apparmor_parser"
Mar 19 10:53:14 monitor227 kernel: [   17.266877] type=1400 audit(1395197594.187:19): apparmor="STATUS" operation="profile_load" name="/usr/sbin/mysqld" pid=964 comm="apparmor_parser"
Mar 19 10:53:17 monitor227 kernel: [   20.581899] Bridge firewalling registered
Mar 19 10:53:18 monitor227 kernel: [   21.245745] ip_tables: (C) 2000-2006 Netfilter Core Team
Mar 19 10:53:18 monitor227 kernel: [   21.806851] nf_conntrack version 0.5.0 (16384 buckets, 65536 max)
Mar 19 10:53:19 monitor227 kernel: [   22.126569] IPv6: ADDRCONF(NETDEV_UP): virbr0: link is not ready
Mar 19 10:53:19 monitor227 kernel: [   22.783449] Ebtables v2.0 registered
Mar 19 10:53:19 monitor227 kernel: [   22.872858] ip6_tables: (C) 2000-2006 Netfilter Core Team
Mar 19 10:53:20 monitor227 kernel: [   23.151229] cgroup: libvirtd (1097) created nested cgroup for controller "memory" which has incomplete hierarchy support. Nested cgroups may change behavior in the future.
Mar 19 10:53:20 monitor227 kernel: [   23.151231] cgroup: "memory" requires setting use_hierarchy to 1 on the root.
Mar 19 10:53:20 monitor227 kernel: [   23.151262] cgroup: libvirtd (1097) created nested cgroup for controller "devices" which has incomplete hierarchy support. Nested cgroups may change behavior in the future.
Mar 19 10:53:20 monitor227 kernel: [   23.151292] cgroup: libvirtd (1097) created nested cgroup for controller "blkio" which has incomplete hierarchy support. Nested cgroups may change behavior in the future.
Mar 19 10:55:16 monitor227 kernel: Kernel logging (proc) stopped.
Mar 19 10:57:34 monitor227 kernel: imklog 5.8.6, log source = /proc/kmsg started.
Mar 19 10:57:34 monitor227 kernel: [    0.000000] Initializing cgroup subsys cpuset
Mar 19 10:57:34 monitor227 kernel: [    0.000000] Initializing cgroup subsys cpu
Mar 19 10:57:34 monitor227 kernel: [    0.000000] Linux version 3.8.0-29-generic (buildd@panlong) (gcc version 4.6.3 (Ubuntu/Linaro 4.6.3-1ubuntu5) ) #42~precise1-Ubuntu SMP Wed Aug 14 16:19:23 UTC 2013 (Ubuntu 3.8.0-29.42~precise1-generic 3.8.13.5)
Mar 19 10:57:34 monitor227 kernel: [    0.000000] Command line: BOOT_IMAGE=/vmlinuz-3.8.0-29-generic root=/dev/mapper/monitor227--vg-root ro
Mar 19 10:57:34 monitor227 kernel: [    0.000000] KERNEL supported cpus:
Mar 19 10:57:34 monitor227 kernel: [    0.000000]   Intel GenuineIntel
Mar 19 10:57:34 monitor227 kernel: [    0.000000]   AMD AuthenticAMD
Mar 19 10:57:34 monitor227 kernel: [    0.000000]   Centaur CentaurHauls
Mar 19 10:57:34 monitor227 kernel: [    0.000000] e820: BIOS-provided physical RAM map:
Mar 19 10:57:34 monitor227 kernel: [    0.000000] BIOS-e820: [mem 0x0000000000000000-0x000000000009fbff] usable
Mar 19 10:57:34 monitor227 kernel: [    0.000000] BIOS-e820: [mem 0x000000000009fc00-0x000000000009ffff] reserved
Mar 19 10:57:34 monitor227 kernel: [    0.000000] BIOS-e820: [mem 0x00000000000e4000-0x00000000000fffff] reserved
Mar 19 10:57:34 monitor227 kernel: [    0.000000] BIOS-e820: [mem 0x0000000000100000-0x00000000dcf5ffff] usable
Mar 19 10:57:34 monitor227 kernel: [    0.000000] BIOS-e820: [mem 0x00000000dcf60000-0x00000000dcf77fff] ACPI data
Mar 19 10:57:34 monitor227 kernel: [    0.000000] BIOS-e820: [mem 0x00000000dcf78000-0x00000000dcfdbfff] ACPI NVS
Mar 19 10:57:34 monitor227 kernel: [    0.000000] BIOS-e820: [mem 0x00000000dcfdc000-0x00000000dd7fffff] reserved
Mar 19 10:57:34 monitor227 kernel: [    0.000000] BIOS-e820: [mem 0x00000000dde00000-0x00000000dfffffff] reserved
Mar 19 10:57:34 monitor227 kernel: [    0.000000] BIOS-e820: [mem 0x00000000fee00000-0x00000000fee00fff] reserved
Mar 19 10:57:34 monitor227 kernel: [    0.000000] BIOS-e820: [mem 0x00000000ff800000-0x00000000ffffffff] reserved
Mar 19 10:57:34 monitor227 kernel: [    0.000000] BIOS-e820: [mem 0x0000000100000000-0x0000000117ffffff] usable
Mar 19 10:57:34 monitor227 kernel: [    0.000000] NX (Execute Disable) protection: active
Mar 19 10:57:34 monitor227 kernel: [    0.000000] SMBIOS 2.6 present.
Mar 19 10:57:34 monitor227 kernel: [    0.000000] DMI: System manufacturer System Product Name/P7H55-M, BIOS 1002    08/09/2010
Mar 19 10:57:34 monitor227 kernel: [    0.000000] e820: update [mem 0x00000000-0x0000ffff] usable ==> reserved
Mar 19 10:57:34 monitor227 kernel: [    0.000000] e820: remove [mem 0x000a0000-0x000fffff] usable
Mar 19 10:57:34 monitor227 kernel: [    0.000000] No AGP bridge found
Mar 19 10:57:34 monitor227 kernel: [    0.000000] e820: last_pfn = 0x118000 max_arch_pfn = 0x400000000
Mar 19 10:57:34 monitor227 kernel: [    0.000000] MTRR default type: uncachable
Mar 19 10:57:34 monitor227 kernel: [    0.000000] MTRR fixed ranges enabled:
Mar 19 10:57:34 monitor227 kernel: [    0.000000]   00000-9FFFF write-back
Mar 19 10:57:34 monitor227 kernel: [    0.000000]   A0000-BFFFF uncachable
Mar 19 10:57:34 monitor227 kernel: [    0.000000]   C0000-CFFFF write-protect
Mar 19 10:57:34 monitor227 kernel: [    0.000000]   D0000-DFFFF uncachable
Mar 19 10:57:34 monitor227 kernel: [    0.000000]   E0000-E7FFF write-through
Mar 19 10:57:34 monitor227 kernel: [    0.000000]   E8000-FFFFF write-protect
Mar 19 10:57:34 monitor227 kernel: [    0.000000] MTRR variable ranges enabled:
Mar 19 10:57:34 monitor227 kernel: [    0.000000]   0 base 11C000000 mask FFC000000 uncachable
Mar 19 10:57:34 monitor227 kernel: [    0.000000]   1 base 000000000 mask F00000000 write-back
Mar 19 10:57:34 monitor227 kernel: [    0.000000]   2 base 100000000 mask FE0000000 write-back
Mar 19 10:57:34 monitor227 kernel: [    0.000000]   3 base 0E0000000 mask FE0000000 uncachable
Mar 19 10:57:34 monitor227 kernel: [    0.000000]   4 base 0DD800000 mask FFF800000 uncachable
Mar 19 10:57:34 monitor227 kernel: [    0.000000]   5 base 0DE000000 mask FFE000000 uncachable
Mar 19 10:57:34 monitor227 kernel: [    0.000000]   6 disabled
Mar 19 10:57:34 monitor227 kernel: [    0.000000]   7 disabled
Mar 19 10:57:34 monitor227 kernel: [    0.000000] x86 PAT enabled: cpu 0, old 0x7040600070406, new 0x7010600070106
Mar 19 10:57:34 monitor227 kernel: [    0.000000] original variable MTRRs
Mar 19 10:57:34 monitor227 kernel: [    0.000000] reg 0, base: 4544MB, range: 64MB, type UC
Mar 19 10:57:34 monitor227 kernel: [    0.000000] reg 1, base: 0GB, range: 4GB, type WB
Mar 19 10:57:34 monitor227 kernel: [    0.000000] reg 2, base: 4GB, range: 512MB, type WB
Mar 19 10:57:34 monitor227 kernel: [    0.000000] reg 3, base: 3584MB, range: 512MB, type UC
Mar 19 10:57:34 monitor227 kernel: [    0.000000] reg 4, base: 3544MB, range: 8MB, type UC
Mar 19 10:57:34 monitor227 kernel: [    0.000000] reg 5, base: 3552MB, range: 32MB, type UC
Mar 19 10:57:34 monitor227 kernel: [    0.000000] total RAM covered: 3992M
Mar 19 10:57:34 monitor227 kernel: [    0.000000] Found optimal setting for mtrr clean up
Mar 19 10:57:34 monitor227 kernel: [    0.000000]  gran_size: 64K 	chunk_size: 128M 	num_reg: 7  	lose cover RAM: 0G
Mar 19 10:57:34 monitor227 kernel: [    0.000000] New variable MTRRs
Mar 19 10:57:34 monitor227 kernel: [    0.000000] reg 0, base: 0GB, range: 2GB, type WB
Mar 19 10:57:34 monitor227 kernel: [    0.000000] reg 1, base: 2GB, range: 1GB, type WB
Mar 19 10:57:34 monitor227 kernel: [    0.000000] reg 2, base: 3GB, range: 512MB, type WB
Mar 19 10:57:34 monitor227 kernel: [    0.000000] reg 3, base: 3544MB, range: 8MB, type UC
Mar 19 10:57:34 monitor227 kernel: [    0.000000] reg 4, base: 3552MB, range: 32MB, type UC
Mar 19 10:57:34 monitor227 kernel: [    0.000000] reg 5, base: 4GB, range: 512MB, type WB
Mar 19 10:57:34 monitor227 kernel: [    0.000000] reg 6, base: 4544MB, range: 64MB, type UC
Mar 19 10:57:34 monitor227 kernel: [    0.000000] e820: update [mem 0xdd800000-0xffffffff] usable ==> reserved
Mar 19 10:57:34 monitor227 kernel: [    0.000000] e820: last_pfn = 0xdcf60 max_arch_pfn = 0x400000000
Mar 19 10:57:34 monitor227 kernel: [    0.000000] found SMP MP-table at [mem 0x000ff780-0x000ff78f] mapped at [ffff8800000ff780]
Mar 19 10:57:34 monitor227 kernel: [    0.000000] initial memory mapped: [mem 0x00000000-0x1fffffff]
Mar 19 10:57:34 monitor227 kernel: [    0.000000] Base memory trampoline at [ffff880000099000] 99000 size 24576
Mar 19 10:57:34 monitor227 kernel: [    0.000000] init_memory_mapping: [mem 0x00000000-0xdcf5ffff]
Mar 19 10:57:34 monitor227 kernel: [    0.000000]  [mem 0x00000000-0xdcdfffff] page 2M
Mar 19 10:57:34 monitor227 kernel: [    0.000000]  [mem 0xdce00000-0xdcf5ffff] page 4k
Mar 19 10:57:34 monitor227 kernel: [    0.000000] kernel direct mapping tables up to 0xdcf5ffff @ [mem 0x1fffa000-0x1fffffff]
Mar 19 10:57:34 monitor227 kernel: [    0.000000] init_memory_mapping: [mem 0x100000000-0x117ffffff]
Mar 19 10:57:34 monitor227 kernel: [    0.000000]  [mem 0x100000000-0x117ffffff] page 2M
Mar 19 10:57:34 monitor227 kernel: [    0.000000] kernel direct mapping tables up to 0x117ffffff @ [mem 0xdcf5e000-0xdcf5ffff]
Mar 19 10:57:34 monitor227 kernel: [    0.000000] RAMDISK: [mem 0x3604e000-0x3701efff]
Mar 19 10:57:34 monitor227 kernel: [    0.000000] ACPI: RSDP 00000000000faaf0 00024 (v02 ACPIAM)
Mar 19 10:57:34 monitor227 kernel: [    0.000000] ACPI: XSDT 00000000dcf60100 00064 (v01 080910 XSDT0919 20100809 MSFT 00000097)
Mar 19 10:57:34 monitor227 kernel: [    0.000000] ACPI: FACP 00000000dcf60290 000F4 (v03 080910 FACP0919 20100809 MSFT 00000097)
Mar 19 10:57:34 monitor227 kernel: [    0.000000] ACPI: DSDT 00000000dcf604a0 0AEE0 (v01  A1577 A1577001 00000001 INTL 20060113)
Mar 19 10:57:34 monitor227 kernel: [    0.000000] ACPI: FACS 00000000dcf78000 00040
Mar 19 10:57:34 monitor227 kernel: [    0.000000] ACPI: APIC 00000000dcf60390 000CC (v01 080910 APIC0919 20100809 MSFT 00000097)
Mar 19 10:57:34 monitor227 kernel: [    0.000000] ACPI: MCFG 00000000dcf60460 0003C (v01 080910 OEMMCFG  20100809 MSFT 00000097)
Mar 19 10:57:34 monitor227 kernel: [    0.000000] ACPI: OEMB 00000000dcf78040 00073 (v01 080910 OEMB0919 20100809 MSFT 00000097)
Mar 19 10:57:34 monitor227 kernel: [    0.000000] ACPI: HPET 00000000dcf6b380 00038 (v01 080910 OEMHPET  20100809 MSFT 00000097)
Mar 19 10:57:34 monitor227 kernel: [    0.000000] ACPI: GSCI 00000000dcf780c0 02024 (v01 080910 GMCHSCI  20100809 MSFT 00000097)
Mar 19 10:57:34 monitor227 kernel: [    0.000000] ACPI: OSFR 00000000dcf6b3c0 000B0 (v01 080910 OEMOSFR  20100809 MSFT 00000097)
Mar 19 10:57:34 monitor227 kernel: [    0.000000] ACPI: SSDT 00000000dcf7b910 00363 (v01 DpgPmm    CpuPm 00000012 INTL 20060113)
Mar 19 10:57:34 monitor227 kernel: [    0.000000] ACPI: Local APIC address 0xfee00000
Mar 19 10:57:34 monitor227 kernel: [    0.000000] No NUMA configuration found
Mar 19 10:57:34 monitor227 kernel: [    0.000000] Faking a node at [mem 0x0000000000000000-0x0000000117ffffff]
Mar 19 10:57:34 monitor227 kernel: [    0.000000] Initmem setup node 0 [mem 0x00000000-0x117ffffff]
Mar 19 10:57:34 monitor227 kernel: [    0.000000]   NODE_DATA [mem 0x117ffb000-0x117ffffff]
Mar 19 10:57:34 monitor227 kernel: [    0.000000]  [ffffea0000000000-ffffea00045fffff] PMD -> [ffff880113800000-ffff8801175fffff] on node 0
Mar 19 10:57:34 monitor227 kernel: [    0.000000] Zone ranges:
Mar 19 10:57:34 monitor227 kernel: [    0.000000]   DMA      [mem 0x00010000-0x00ffffff]
Mar 19 10:57:34 monitor227 kernel: [    0.000000]   DMA32    [mem 0x01000000-0xffffffff]
Mar 19 10:57:34 monitor227 kernel: [    0.000000]   Normal   [mem 0x100000000-0x117ffffff]
Mar 19 10:57:34 monitor227 kernel: [    0.000000] Movable zone start for each node
Mar 19 10:57:34 monitor227 kernel: [    0.000000] Early memory node ranges
Mar 19 10:57:34 monitor227 kernel: [    0.000000]   node   0: [mem 0x00010000-0x0009efff]
Mar 19 10:57:34 monitor227 kernel: [    0.000000]   node   0: [mem 0x00100000-0xdcf5ffff]
Mar 19 10:57:34 monitor227 kernel: [    0.000000]   node   0: [mem 0x100000000-0x117ffffff]
Mar 19 10:57:34 monitor227 kernel: [    0.000000] On node 0 totalpages: 1003247
Mar 19 10:57:34 monitor227 kernel: [    0.000000]   DMA zone: 64 pages used for memmap
Mar 19 10:57:34 monitor227 kernel: [    0.000000]   DMA zone: 6 pages reserved
Mar 19 10:57:34 monitor227 kernel: [    0.000000]   DMA zone: 3913 pages, LIFO batch:0
Mar 19 10:57:34 monitor227 kernel: [    0.000000]   DMA32 zone: 14078 pages used for memmap
Mar 19 10:57:34 monitor227 kernel: [    0.000000]   DMA32 zone: 886882 pages, LIFO batch:31
Mar 19 10:57:34 monitor227 kernel: [    0.000000]   Normal zone: 1536 pages used for memmap
Mar 19 10:57:34 monitor227 kernel: [    0.000000]   Normal zone: 96768 pages, LIFO batch:31
Mar 19 10:57:34 monitor227 kernel: [    0.000000] ACPI: PM-Timer IO Port: 0x808
Mar 19 10:57:34 monitor227 kernel: [    0.000000] ACPI: Local APIC address 0xfee00000
Mar 19 10:57:34 monitor227 kernel: [    0.000000] ACPI: LAPIC (acpi_id[0x01] lapic_id[0x00] enabled)
Mar 19 10:57:34 monitor227 kernel: [    0.000000] ACPI: LAPIC (acpi_id[0x02] lapic_id[0x04] enabled)
Mar 19 10:57:34 monitor227 kernel: [    0.000000] ACPI: LAPIC (acpi_id[0x03] lapic_id[0x01] enabled)
Mar 19 10:57:34 monitor227 kernel: [    0.000000] ACPI: LAPIC (acpi_id[0x04] lapic_id[0x05] enabled)
Mar 19 10:57:34 monitor227 kernel: [    0.000000] ACPI: LAPIC (acpi_id[0x05] lapic_id[0x84] disabled)
Mar 19 10:57:34 monitor227 kernel: [    0.000000] ACPI: LAPIC (acpi_id[0x06] lapic_id[0x85] disabled)
Mar 19 10:57:34 monitor227 kernel: [    0.000000] ACPI: LAPIC (acpi_id[0x07] lapic_id[0x86] disabled)
Mar 19 10:57:34 monitor227 kernel: [    0.000000] ACPI: LAPIC (acpi_id[0x08] lapic_id[0x87] disabled)
Mar 19 10:57:34 monitor227 kernel: [    0.000000] ACPI: LAPIC (acpi_id[0x09] lapic_id[0x88] disabled)
Mar 19 10:57:34 monitor227 kernel: [    0.000000] ACPI: LAPIC (acpi_id[0x0a] lapic_id[0x89] disabled)
Mar 19 10:57:34 monitor227 kernel: [    0.000000] ACPI: LAPIC (acpi_id[0x0b] lapic_id[0x8a] disabled)
Mar 19 10:57:34 monitor227 kernel: [    0.000000] ACPI: LAPIC (acpi_id[0x0c] lapic_id[0x8b] disabled)
Mar 19 10:57:34 monitor227 kernel: [    0.000000] ACPI: LAPIC (acpi_id[0x0d] lapic_id[0x8c] disabled)
Mar 19 10:57:34 monitor227 kernel: [    0.000000] ACPI: LAPIC (acpi_id[0x0e] lapic_id[0x8d] disabled)
Mar 19 10:57:34 monitor227 kernel: [    0.000000] ACPI: LAPIC (acpi_id[0x0f] lapic_id[0x8e] disabled)
Mar 19 10:57:34 monitor227 kernel: [    0.000000] ACPI: LAPIC (acpi_id[0x10] lapic_id[0x8f] disabled)
Mar 19 10:57:34 monitor227 kernel: [    0.000000] ACPI: IOAPIC (id[0x06] address[0xfec00000] gsi_base[0])
Mar 19 10:57:34 monitor227 kernel: [    0.000000] IOAPIC[0]: apic_id 6, version 32, address 0xfec00000, GSI 0-23
Mar 19 10:57:34 monitor227 kernel: [    0.000000] ACPI: INT_SRC_OVR (bus 0 bus_irq 0 global_irq 2 dfl dfl)
Mar 19 10:57:34 monitor227 kernel: [    0.000000] ACPI: INT_SRC_OVR (bus 0 bus_irq 9 global_irq 9 high level)
Mar 19 10:57:34 monitor227 kernel: [    0.000000] ACPI: IRQ0 used by override.
Mar 19 10:57:34 monitor227 kernel: [    0.000000] ACPI: IRQ2 used by override.
Mar 19 10:57:34 monitor227 kernel: [    0.000000] ACPI: IRQ9 used by override.
Mar 19 10:57:34 monitor227 kernel: [    0.000000] Using ACPI (MADT) for SMP configuration information
Mar 19 10:57:34 monitor227 kernel: [    0.000000] ACPI: HPET id: 0x8086a701 base: 0xfed00000
Mar 19 10:57:34 monitor227 kernel: [    0.000000] smpboot: Allowing 16 CPUs, 12 hotplug CPUs
Mar 19 10:57:34 monitor227 kernel: [    0.000000] nr_irqs_gsi: 40
Mar 19 10:57:34 monitor227 kernel: [    0.000000] PM: Registered nosave memory: 000000000009f000 - 00000000000a0000
Mar 19 10:57:34 monitor227 kernel: [    0.000000] PM: Registered nosave memory: 00000000000a0000 - 00000000000e4000
Mar 19 10:57:34 monitor227 kernel: [    0.000000] PM: Registered nosave memory: 00000000000e4000 - 0000000000100000
Mar 19 10:57:34 monitor227 kernel: [    0.000000] PM: Registered nosave memory: 00000000dcf60000 - 00000000dcf78000
Mar 19 10:57:34 monitor227 kernel: [    0.000000] PM: Registered nosave memory: 00000000dcf78000 - 00000000dcfdc000
Mar 19 10:57:34 monitor227 kernel: [    0.000000] PM: Registered nosave memory: 00000000dcfdc000 - 00000000dd800000
Mar 19 10:57:34 monitor227 kernel: [    0.000000] PM: Registered nosave memory: 00000000dd800000 - 00000000dde00000
Mar 19 10:57:34 monitor227 kernel: [    0.000000] PM: Registered nosave memory: 00000000dde00000 - 00000000e0000000
Mar 19 10:57:34 monitor227 kernel: [    0.000000] PM: Registered nosave memory: 00000000e0000000 - 00000000fee00000
Mar 19 10:57:34 monitor227 kernel: [    0.000000] PM: Registered nosave memory: 00000000fee00000 - 00000000fee01000
Mar 19 10:57:34 monitor227 kernel: [    0.000000] PM: Registered nosave memory: 00000000fee01000 - 00000000ff800000
Mar 19 10:57:34 monitor227 kernel: [    0.000000] PM: Registered nosave memory: 00000000ff800000 - 0000000100000000
Mar 19 10:57:34 monitor227 kernel: [    0.000000] e820: [mem 0xe0000000-0xfedfffff] available for PCI devices
Mar 19 10:57:34 monitor227 kernel: [    0.000000] Booting paravirtualized kernel on bare hardware
Mar 19 10:57:34 monitor227 kernel: [    0.000000] setup_percpu: NR_CPUS:256 nr_cpumask_bits:256 nr_cpu_ids:16 nr_node_ids:1
Mar 19 10:57:34 monitor227 kernel: [    0.000000] PERCPU: Embedded 28 pages/cpu @ffff880117c00000 s85056 r8192 d21440 u131072
Mar 19 10:57:34 monitor227 kernel: [    0.000000] pcpu-alloc: s85056 r8192 d21440 u131072 alloc=1*2097152
Mar 19 10:57:34 monitor227 kernel: [    0.000000] pcpu-alloc: [0] 00 01 02 03 04 05 06 07 08 09 10 11 12 13 14 15 
Mar 19 10:57:34 monitor227 kernel: [    0.000000] Built 1 zonelists in Node order, mobility grouping on.  Total pages: 987563
Mar 19 10:57:34 monitor227 kernel: [    0.000000] Policy zone: Normal
Mar 19 10:57:34 monitor227 kernel: [    0.000000] Kernel command line: BOOT_IMAGE=/vmlinuz-3.8.0-29-generic root=/dev/mapper/monitor227--vg-root ro
Mar 19 10:57:34 monitor227 kernel: [    0.000000] PID hash table entries: 4096 (order: 3, 32768 bytes)
Mar 19 10:57:34 monitor227 kernel: [    0.000000] __ex_table already sorted, skipping sort
Mar 19 10:57:34 monitor227 kernel: [    0.000000] Checking aperture...
Mar 19 10:57:34 monitor227 kernel: [    0.000000] No AGP bridge found
Mar 19 10:57:34 monitor227 kernel: [    0.000000] Calgary: detecting Calgary via BIOS EBDA area
Mar 19 10:57:34 monitor227 kernel: [    0.000000] Calgary: Unable to locate Rio Grande table in EBDA - bailing!
Mar 19 10:57:34 monitor227 kernel: [    0.000000] Memory: 3849612k/4587520k available (7170k kernel code, 574532k absent, 163376k reserved, 6073k data, 1012k init)
Mar 19 10:57:34 monitor227 kernel: [    0.000000] SLUB: Genslabs=15, HWalign=64, Order=0-3, MinObjects=0, CPUs=16, Nodes=1
Mar 19 10:57:34 monitor227 kernel: [    0.000000] Hierarchical RCU implementation.
Mar 19 10:57:34 monitor227 kernel: [    0.000000] 	RCU dyntick-idle grace-period acceleration is enabled.
Mar 19 10:57:34 monitor227 kernel: [    0.000000] 	RCU restricting CPUs from NR_CPUS=256 to nr_cpu_ids=16.
Mar 19 10:57:34 monitor227 kernel: [    0.000000] NR_IRQS:16640 nr_irqs:808 16
Mar 19 10:57:34 monitor227 kernel: [    0.000000] Extended CMOS year: 2000
Mar 19 10:57:34 monitor227 kernel: [    0.000000] Console: colour dummy device 80x25
Mar 19 10:57:34 monitor227 kernel: [    0.000000] console [tty0] enabled
Mar 19 10:57:34 monitor227 kernel: [    0.000000] allocated 16252928 bytes of page_cgroup
Mar 19 10:57:34 monitor227 kernel: [    0.000000] please try 'cgroup_disable=memory' option if you don't want memory cgroups
Mar 19 10:57:34 monitor227 kernel: [    0.000000] hpet clockevent registered
Mar 19 10:57:34 monitor227 kernel: [    0.000000] tsc: Fast TSC calibration using PIT
Mar 19 10:57:34 monitor227 kernel: [    0.004000] tsc: Detected 3077.481 MHz processor
Mar 19 10:57:34 monitor227 kernel: [    0.000003] Calibrating delay loop (skipped), value calculated using timer frequency.. 6154.96 BogoMIPS (lpj=12309924)
Mar 19 10:57:34 monitor227 kernel: [    0.000008] pid_max: default: 32768 minimum: 301
Mar 19 10:57:34 monitor227 kernel: [    0.000034] Security Framework initialized
Mar 19 10:57:34 monitor227 kernel: [    0.000046] AppArmor: AppArmor initialized
Mar 19 10:57:34 monitor227 kernel: [    0.000048] Yama: becoming mindful.
Mar 19 10:57:34 monitor227 kernel: [    0.000299] Dentry cache hash table entries: 524288 (order: 10, 4194304 bytes)
Mar 19 10:57:34 monitor227 kernel: [    0.001147] Inode-cache hash table entries: 262144 (order: 9, 2097152 bytes)
Mar 19 10:57:34 monitor227 kernel: [    0.001501] Mount-cache hash table entries: 256
Mar 19 10:57:34 monitor227 kernel: [    0.001664] Initializing cgroup subsys cpuacct
Mar 19 10:57:34 monitor227 kernel: [    0.001668] Initializing cgroup subsys memory
Mar 19 10:57:34 monitor227 kernel: [    0.001676] Initializing cgroup subsys devices
Mar 19 10:57:34 monitor227 kernel: [    0.001679] Initializing cgroup subsys freezer
Mar 19 10:57:34 monitor227 kernel: [    0.001682] Initializing cgroup subsys blkio
Mar 19 10:57:34 monitor227 kernel: [    0.001684] Initializing cgroup subsys perf_event
Mar 19 10:57:34 monitor227 kernel: [    0.001688] Initializing cgroup subsys hugetlb
Mar 19 10:57:34 monitor227 kernel: [    0.001710] CPU: Physical Processor ID: 0
Mar 19 10:57:34 monitor227 kernel: [    0.001712] CPU: Processor Core ID: 0
Mar 19 10:57:34 monitor227 kernel: [    0.001718] mce: CPU supports 9 MCE banks
Mar 19 10:57:34 monitor227 kernel: [    0.001728] CPU0: Thermal monitoring enabled (TM1)
Mar 19 10:57:34 monitor227 kernel: [    0.001735] process: using mwait in idle threads
Mar 19 10:57:34 monitor227 kernel: [    0.001739] Last level iTLB entries: 4KB 512, 2MB 7, 4MB 7
Mar 19 10:57:34 monitor227 kernel: [    0.001739] Last level dTLB entries: 4KB 512, 2MB 32, 4MB 32
Mar 19 10:57:34 monitor227 kernel: [    0.001739] tlb_flushall_shift: 6
Mar 19 10:57:34 monitor227 kernel: [    0.001853] Freeing SMP alternatives: 24k freed
Mar 19 10:57:34 monitor227 kernel: [    0.003647] ACPI: Core revision 20121018
Mar 19 10:57:34 monitor227 kernel: [    0.029238] ftrace: allocating 29358 entries in 115 pages
Mar 19 10:57:34 monitor227 kernel: [    0.041483] Switched APIC routing to physical flat.
Mar 19 10:57:34 monitor227 kernel: [    0.041864] ..TIMER: vector=0x30 apic1=0 pin1=2 apic2=-1 pin2=-1
Mar 19 10:57:34 monitor227 kernel: [    0.081461] smpboot: CPU0: Intel(R) Core(TM) i3 CPU         540  @ 3.07GHz (fam: 06, model: 25, stepping: 05)
Mar 19 10:57:34 monitor227 kernel: [    0.186513] Performance Events: PEBS fmt1+, 16-deep LBR, Westmere events, Intel PMU driver.
Mar 19 10:57:34 monitor227 kernel: [    0.186521] perf_event_intel: CPUID marked event: 'bus cycles' unavailable
Mar 19 10:57:34 monitor227 kernel: [    0.186524] ... version:                3
Mar 19 10:57:34 monitor227 kernel: [    0.186525] ... bit width:              48
Mar 19 10:57:34 monitor227 kernel: [    0.186527] ... generic registers:      4
